Archive member included to satisfy reference by file (symbol)

d:/courses/01- avr/00-tools/01-imt sdk/imt_sdk_win_64/winarm/armgcc/bin/../lib/gcc/arm-none-eabi/7.2.1/../../../../arm-none-eabi/lib/thumb/v7-m\libg_nano.a(lib_a-errno.o)
                              ./system/src/newlib/_sbrk.o (__errno)
d:/courses/01- avr/00-tools/01-imt sdk/imt_sdk_win_64/winarm/armgcc/bin/../lib/gcc/arm-none-eabi/7.2.1/../../../../arm-none-eabi/lib/thumb/v7-m\libg_nano.a(lib_a-impure.o)
                              d:/courses/01- avr/00-tools/01-imt sdk/imt_sdk_win_64/winarm/armgcc/bin/../lib/gcc/arm-none-eabi/7.2.1/../../../../arm-none-eabi/lib/thumb/v7-m\libg_nano.a(lib_a-errno.o) (_impure_ptr)
d:/courses/01- avr/00-tools/01-imt sdk/imt_sdk_win_64/winarm/armgcc/bin/../lib/gcc/arm-none-eabi/7.2.1/../../../../arm-none-eabi/lib/thumb/v7-m\libg_nano.a(lib_a-strlen.o)
                              ./system/src/diag/Trace.o (strlen)
d:/courses/01- avr/00-tools/01-imt sdk/imt_sdk_win_64/winarm/armgcc/bin/../lib/gcc/arm-none-eabi/7.2.1/../../../../arm-none-eabi/lib/thumb/v7-m\libg_nano.a(lib_a-vsnprintf.o)
                              ./system/src/diag/Trace.o (vsnprintf)
d:/courses/01- avr/00-tools/01-imt sdk/imt_sdk_win_64/winarm/armgcc/bin/../lib/gcc/arm-none-eabi/7.2.1/../../../../arm-none-eabi/lib/thumb/v7-m\libg_nano.a(lib_a-nano-svfprintf.o)
                              d:/courses/01- avr/00-tools/01-imt sdk/imt_sdk_win_64/winarm/armgcc/bin/../lib/gcc/arm-none-eabi/7.2.1/../../../../arm-none-eabi/lib/thumb/v7-m\libg_nano.a(lib_a-vsnprintf.o) (_svfprintf_r)
d:/courses/01- avr/00-tools/01-imt sdk/imt_sdk_win_64/winarm/armgcc/bin/../lib/gcc/arm-none-eabi/7.2.1/../../../../arm-none-eabi/lib/thumb/v7-m\libg_nano.a(lib_a-nano-vfprintf_i.o)
                              d:/courses/01- avr/00-tools/01-imt sdk/imt_sdk_win_64/winarm/armgcc/bin/../lib/gcc/arm-none-eabi/7.2.1/../../../../arm-none-eabi/lib/thumb/v7-m\libg_nano.a(lib_a-nano-svfprintf.o) (_printf_i)
d:/courses/01- avr/00-tools/01-imt sdk/imt_sdk_win_64/winarm/armgcc/bin/../lib/gcc/arm-none-eabi/7.2.1/../../../../arm-none-eabi/lib/thumb/v7-m\libg_nano.a(lib_a-memchr-stub.o)
                              d:/courses/01- avr/00-tools/01-imt sdk/imt_sdk_win_64/winarm/armgcc/bin/../lib/gcc/arm-none-eabi/7.2.1/../../../../arm-none-eabi/lib/thumb/v7-m\libg_nano.a(lib_a-nano-svfprintf.o) (memchr)
d:/courses/01- avr/00-tools/01-imt sdk/imt_sdk_win_64/winarm/armgcc/bin/../lib/gcc/arm-none-eabi/7.2.1/../../../../arm-none-eabi/lib/thumb/v7-m\libg_nano.a(lib_a-memcpy-stub.o)
                              d:/courses/01- avr/00-tools/01-imt sdk/imt_sdk_win_64/winarm/armgcc/bin/../lib/gcc/arm-none-eabi/7.2.1/../../../../arm-none-eabi/lib/thumb/v7-m\libg_nano.a(lib_a-nano-svfprintf.o) (memcpy)
d:/courses/01- avr/00-tools/01-imt sdk/imt_sdk_win_64/winarm/armgcc/bin/../lib/gcc/arm-none-eabi/7.2.1/../../../../arm-none-eabi/lib/thumb/v7-m\libg_nano.a(lib_a-memmove.o)
                              d:/courses/01- avr/00-tools/01-imt sdk/imt_sdk_win_64/winarm/armgcc/bin/../lib/gcc/arm-none-eabi/7.2.1/../../../../arm-none-eabi/lib/thumb/v7-m\libg_nano.a(lib_a-nano-svfprintf.o) (memmove)
d:/courses/01- avr/00-tools/01-imt sdk/imt_sdk_win_64/winarm/armgcc/bin/../lib/gcc/arm-none-eabi/7.2.1/../../../../arm-none-eabi/lib/thumb/v7-m\libg_nano.a(lib_a-nano-freer.o)
                              d:/courses/01- avr/00-tools/01-imt sdk/imt_sdk_win_64/winarm/armgcc/bin/../lib/gcc/arm-none-eabi/7.2.1/../../../../arm-none-eabi/lib/thumb/v7-m\libg_nano.a(lib_a-nano-svfprintf.o) (_free_r)
d:/courses/01- avr/00-tools/01-imt sdk/imt_sdk_win_64/winarm/armgcc/bin/../lib/gcc/arm-none-eabi/7.2.1/../../../../arm-none-eabi/lib/thumb/v7-m\libg_nano.a(lib_a-nano-mallocr.o)
                              d:/courses/01- avr/00-tools/01-imt sdk/imt_sdk_win_64/winarm/armgcc/bin/../lib/gcc/arm-none-eabi/7.2.1/../../../../arm-none-eabi/lib/thumb/v7-m\libg_nano.a(lib_a-nano-svfprintf.o) (_malloc_r)
d:/courses/01- avr/00-tools/01-imt sdk/imt_sdk_win_64/winarm/armgcc/bin/../lib/gcc/arm-none-eabi/7.2.1/../../../../arm-none-eabi/lib/thumb/v7-m\libg_nano.a(lib_a-nano-reallocr.o)
                              d:/courses/01- avr/00-tools/01-imt sdk/imt_sdk_win_64/winarm/armgcc/bin/../lib/gcc/arm-none-eabi/7.2.1/../../../../arm-none-eabi/lib/thumb/v7-m\libg_nano.a(lib_a-nano-svfprintf.o) (_realloc_r)
d:/courses/01- avr/00-tools/01-imt sdk/imt_sdk_win_64/winarm/armgcc/bin/../lib/gcc/arm-none-eabi/7.2.1/../../../../arm-none-eabi/lib/thumb/v7-m\libg_nano.a(lib_a-sbrkr.o)
                              d:/courses/01- avr/00-tools/01-imt sdk/imt_sdk_win_64/winarm/armgcc/bin/../lib/gcc/arm-none-eabi/7.2.1/../../../../arm-none-eabi/lib/thumb/v7-m\libg_nano.a(lib_a-nano-mallocr.o) (_sbrk_r)
d:/courses/01- avr/00-tools/01-imt sdk/imt_sdk_win_64/winarm/armgcc/bin/../lib/gcc/arm-none-eabi/7.2.1/../../../../arm-none-eabi/lib/thumb/v7-m\libg_nano.a(lib_a-mlock.o)
[...]
Memory Configuration

Name             Origin             Length             Attributes
RAM              0x20000000         0x00005000         xrw
CCMRAM           0x00000000         0x00000000         xrw
FLASH            0x08000000         0x00010000         xr
FLASHB1          0x00000000         0x00000000         xr
EXTMEMB0         0x00000000         0x00000000         xr
EXTMEMB1         0x00000000         0x00000000         xr
EXTMEMB2         0x00000000         0x00000000         xr
EXTMEMB3         0x00000000         0x00000000         xr
MEMORY_ARRAY     0x00000000         0x00000000         xrw
*default*        0x00000000         0xffffffff

Linker script and memory map

LOAD ./system/src/stm32f1-stdperiph/misc.o
LOAD ./system/src/stm32f1-stdperiph/stm32f10x_gpio.o
LOAD ./system/src/stm32f1-stdperiph/stm32f10x_rcc.o
LOAD ./system/src/newlib/_cxx.o
LOAD ./system/src/newlib/_exit.o
LOAD ./system/src/newlib/_sbrk.o
LOAD ./system/src/newlib/_startup.o
LOAD ./system/src/newlib/_syscalls.o
LOAD ./system/src/newlib/assert.o
LOAD ./system/src/diag/Trace.o
LOAD ./system/src/diag/trace_impl.o
LOAD ./system/src/cortexm/_initialize_hardware.o
LOAD ./system/src/cortexm/_reset_hardware.o
LOAD ./system/src/cortexm/exception_handlers.o
LOAD ./system/src/cmsis/system_stm32f10x.o
LOAD ./system/src/cmsis/vectors_stm32f10x.o
LOAD ./src/MCAL/10-FLASH/FLASH_program.o
LOAD ./src/MCAL/09-UART/UART_program.o
LOAD ./src/MCAL/08-SPI/SPI_program.o
LOAD ./src/MCAL/07-DMA/DMA_program.o
LOAD ./src/MCAL/06-AFIO/AFIO_program.o
LOAD ./src/MCAL/05-SYS_TICK/SYS_TICK_program.o
LOAD ./src/MCAL/04-EXTI/EXTI_program.o
LOAD ./src/MCAL/03-NVIC/NVIC_program.o
LOAD ./src/MCAL/02-GPIO/GPIO_program.o
LOAD ./src/MCAL/01-RCC/RCC_program.o
LOAD ./src/HAL/06 -WIFI/WIFI_program.o
LOAD ./src/HAL/05-TFT/TFT_program.o
LOAD ./src/HAL/04-Infera_Red/IR_program.o
LOAD ./src/HAL/03-Serial_To_Parallel/S2P_program.o
LOAD ./src/HAL/02-LED_MATRIX/LED_Matrix_program.o
LOAD ./src/HAL/01-Seven_Segment/SevenSeg_program.o
LOAD ./src/APP/main.o
LOAD ./src/APP/parse.o
LOAD d:/courses/01- avr/00-tools/01-imt sdk/imt_sdk_win_64/winarm/armgcc/bin/../lib/gcc/arm-none-eabi/7.2.1/../../../../arm-none-eabi/lib/thumb/v7-m\libstdc++_nano.a
LOAD d:/courses/01- avr/00-tools/01-imt sdk/imt_sdk_win_64/winarm/armgcc/bin/../lib/gcc/arm-none-eabi/7.2.1/../../../../arm-none-eabi/lib/thumb/v7-m\libm.a
START GROUP
LOAD d:/courses/01- avr/00-tools/01-imt sdk/imt_sdk_win_64/winarm/armgcc/bin/../lib/gcc/arm-none-eabi/7.2.1/thumb/v7-m\libgcc.a
LOAD d:/courses/01- avr/00-tools/01-imt sdk/imt_sdk_win_64/winarm/armgcc/bin/../lib/gcc/arm-none-eabi/7.2.1/../../../../arm-none-eabi/lib/thumb/v7-m\libg_nano.a
LOAD d:/courses/01- avr/00-tools/01-imt sdk/imt_sdk_win_64/winarm/armgcc/bin/../lib/gcc/arm-none-eabi/7.2.1/../../../../arm-none-eabi/lib/thumb/v7-m\libc_nano.a
END GROUP
START GROUP
LOAD d:/courses/01- avr/00-tools/01-imt sdk/imt_sdk_win_64/winarm/armgcc/bin/../lib/gcc/arm-none-eabi/7.2.1/thumb/v7-m\libgcc.a
LOAD d:/courses/01- avr/00-tools/01-imt sdk/imt_sdk_win_64/winarm/armgcc/bin/../lib/gcc/arm-none-eabi/7.2.1/../../../../arm-none-eabi/lib/thumb/v7-m\libc_nano.a
END GROUP
                0x20005000                __stack = (ORIGIN (RAM) + LENGTH (RAM))
                0x20005000                _estack = __stack
                0x00000400                __Main_Stack_Size = 0x400
                [!provide]                PROVIDE (_Main_Stack_Size, __Main_Stack_Size)
                0x20004c00                __Main_Stack_Limit = (__stack - __Main_Stack_Size)
                [!provide]                PROVIDE (_Main_Stack_Limit, __Main_Stack_Limit)
                0x00000100                _Minimum_Stack_Size = 0x100
                0x20000318                PROVIDE (_Heap_Begin, _end_noinit)
                0x20004c00                PROVIDE (_Heap_Limit, (__stack - __Main_Stack_Size))

.isr_vector     0x08000000      0x350
 FILL mask 0xff
                0x08000000                __vectors_start = ABSOLUTE (.)
                0x08000000                __vectors_start__ = ABSOLUTE (.)
 *(.isr_vector)
 .isr_vector    0x08000000      0x10c ./system/src/cmsis/vectors_stm32f10x.o
                0x08000000                __isr_vectors
 *(.cfmconfig)
 *(.after_vectors .after_vectors.*)
 .after_vectors
                0x0800010c      0x114 ./system/src/newlib/_startup.o
                0x0800010c                _start
 .after_vectors
                0x08000220      0x12c ./system/src/cortexm/exception_handlers.o
                0x08000220                Reset_Handler
                0x08000226                NMI_Handler
                0x0800022a                HardFault_Handler
                0x0800023e                HardFault_Handler_C
                0x0800029c                MemManage_Handler
                0x080002a0                BusFault_Handler
                0x080002b4                BusFault_Handler_C
                0x080002e8                UsageFault_Handler
                0x080002fc                UsageFault_Handler_C
                0x08000330                SVC_Handler
                0x08000334                DebugMon_Handler
                0x08000338                PendSV_Handler
 .after_vectors
                0x0800034c        0x4 ./system/src/cmsis/vectors_stm32f10x.o
                0x0800034c                TIM8_TRG_COM_IRQHandler
                0x0800034c                TIM8_CC_IRQHandler
                0x0800034c                TIM1_CC_IRQHandler
                0x0800034c                TIM6_IRQHandler
                0x0800034c                PVD_IRQHandler
                0x0800034c                SDIO_IRQHandler
                0x0800034c                CAN2_RX1_IRQHandler
                0x0800034c                TIM8_TRG_COM_TIM14_IRQHandler
                0x0800034c                TIM1_UP_TIM10_IRQHandler
                0x0800034c                TIM8_UP_TIM13_IRQHandler
                0x0800034c                I2C2_EV_IRQHandler
                0x0800034c                CAN1_RX0_IRQHandler
                0x0800034c                TIM1_UP_TIM16_IRQHandler
                0x0800034c                CAN2_SCE_IRQHandler
                0x0800034c                ADC1_2_IRQHandler
                0x0800034c                SPI1_IRQHandler
                0x0800034c                TAMPER_IRQHandler
                0x0800034c                TIM6_DAC_IRQHandler
                0x0800034c                TIM1_BRK_TIM9_IRQHandler
                0x0800034c                CAN2_RX0_IRQHandler
                0x0800034c                TIM8_UP_IRQHandler
                0x0800034c                DMA2_Channel2_IRQHandler
                0x0800034c                DMA1_Channel4_IRQHandler
                0x0800034c                USART3_IRQHandler
                0x0800034c                RTC_IRQHandler
                0x0800034c                DMA1_Channel7_IRQHandler
                0x0800034c                CAN1_RX1_IRQHandler
                0x0800034c                UART5_IRQHandler
                0x0800034c                ADC3_IRQHandler
                0x0800034c                TIM4_IRQHandler
                0x0800034c                DMA2_Channel1_IRQHandler
                0x0800034c                I2C1_EV_IRQHandler
                0x0800034c                DMA1_Channel6_IRQHandler
                0x0800034c                UART4_IRQHandler
                0x0800034c                DMA2_Channel4_IRQHandler
                0x0800034c                TIM3_IRQHandler
                0x0800034c                RCC_IRQHandler
                0x0800034c                TIM8_BRK_TIM12_IRQHandler
                0x0800034c                TIM1_TRG_COM_IRQHandler
                0x0800034c                Default_Handler
                0x0800034c                CEC_IRQHandler
                0x0800034c                TIM14_IRQHandler
                0x0800034c                TIM13_IRQHandler
                0x0800034c                TIM12_IRQHandler
                0x0800034c                TIM7_IRQHandler
                0x0800034c                CAN2_TX_IRQHandler
                0x0800034c                TIM5_IRQHandler
                0x0800034c                ETH_WKUP_IRQHandler
                0x0800034c                SPI2_IRQHandler
                0x0800034c                CAN1_TX_IRQHandler
                0x0800034c                DMA2_Channel5_IRQHandler
                0x0800034c                DMA1_Channel5_IRQHandler
                0x0800034c                USB_LP_CAN1_RX0_IRQHandler
                0x0800034c                TIM1_TRG_COM_TIM17_IRQHandler
                0x0800034c                USB_HP_CAN1_TX_IRQHandler
                0x0800034c                DMA1_Channel3_IRQHandler
                0x0800034c                FSMC_IRQHandler
                0x0800034c                ETH_IRQHandler
                0x0800034c                TIM1_UP_IRQHandler
                0x0800034c                WWDG_IRQHandler
                0x0800034c                TIM2_IRQHandler
                0x0800034c                OTG_FS_WKUP_IRQHandler
                0x0800034c                TIM1_TRG_COM_TIM11_IRQHandler
                0x0800034c                TIM1_BRK_IRQHandler
                0x0800034c                RTCAlarm_IRQHandler
                0x0800034c                DMA2_Channel4_5_IRQHandler
                0x0800034c                USART2_IRQHandler
                0x0800034c                I2C2_ER_IRQHandler
                0x0800034c                DMA1_Channel2_IRQHandler
                0x0800034c                TIM8_BRK_IRQHandler
                0x0800034c                CAN1_SCE_IRQHandler
                0x0800034c                FLASH_IRQHandler
                0x0800034c                OTG_FS_IRQHandler
                0x0800034c                SPI3_IRQHandler
                0x0800034c                I2C1_ER_IRQHandler
                0x0800034c                USBWakeUp_IRQHandler
                0x0800034c                DMA2_Channel3_IRQHandler
                0x0800034c                TIM1_BRK_TIM15_IRQHandler

.inits          0x08000350       0x28
                0x08000350                __data_regions_array_start = .
                0x08000350        0x4 LONG 0x8001dc8 LOADADDR (.data)
                0x08000354        0x4 LONG 0x20000000 ADDR (.data)
                0x08000358        0x4 LONG 0x2000008c (ADDR (.data) + SIZEOF (.data))
                0x0800035c        0x4 LONG 0x8001dc8 LOADADDR (.data_CCMRAM)
                0x08000360        0x4 LONG 0x0 ADDR (.data_CCMRAM)
                0x08000364        0x4 LONG 0x0 (ADDR (.data_CCMRAM) + SIZEOF (.data_CCMRAM))
                0x08000368                __data_regions_array_end = .
                0x08000368                __bss_regions_array_start = .
                0x08000368        0x4 LONG 0x2000008c ADDR (.bss)
                0x0800036c        0x4 LONG 0x20000318 (ADDR (.bss) + SIZEOF (.bss))
                0x08000370        0x4 LONG 0x0 ADDR (.bss_CCMRAM)
                0x08000374        0x4 LONG 0x0 (ADDR (.bss_CCMRAM) + SIZEOF (.bss_CCMRAM))
                0x08000378                __bss_regions_array_end = .
 *(.init)
 *(.fini)
                0x08000378                . = ALIGN (0x4)
                0x08000378                PROVIDE (__preinit_array_start, .)
 *(.preinit_array_sysinit .preinit_array_sysinit.*)
 *(.preinit_array_platform .preinit_array_platform.*)
 *(.preinit_array .preinit_array.*)
                0x08000378                PROVIDE (__preinit_array_end, .)
                0x08000378                . = ALIGN (0x4)
                0x08000378                PROVIDE (__init_array_start, .)
 *(SORT_BY_NAME(.init_array.*))
 *(.init_array)
                0x08000378                PROVIDE (__init_array_end, .)
                0x08000378                . = ALIGN (0x4)
                0x08000378                PROVIDE (__fini_array_start, .)
 *(SORT_BY_NAME(.fini_array.*))
 *(.fini_array)
                0x08000378                PROVIDE (__fini_array_end, .)

.flashtext
 *(.flashtext .flashtext.*)

.text           0x08000378     0x1a4f
 *(.text .text.*)
 .text._exit    0x08000378        0x2 ./system/src/newlib/_exit.o
                0x08000378                _exit
 *fill*         0x0800037a        0x2 
 .text._sbrk    0x0800037c       0x44 ./system/src/newlib/_sbrk.o
                0x0800037c                _sbrk
 .text.__initialize_args
                0x080003c0       0x10 ./system/src/newlib/_syscalls.o
                0x080003c0                __initialize_args
 .text.trace_printf
                0x080003d0       0x30 ./system/src/diag/Trace.o
                0x080003d0                trace_printf
 .text._trace_write_semihosting_debug
                0x08000400       0x60 ./system/src/diag/trace_impl.o
 .text.trace_write
                0x08000460        0x8 ./system/src/diag/trace_impl.o
                0x08000460                trace_write
 .text.__initialize_hardware_early
                0x08000468       0x18 ./system/src/cortexm/_initialize_hardware.o
                0x08000468                __initialize_hardware_early
 .text.__initialize_hardware
                0x08000480        0x8 ./system/src/cortexm/_initialize_hardware.o
                0x08000480                __initialize_hardware
 .text.dumpExceptionStack
                0x08000488       0xf4 ./system/src/cortexm/exception_handlers.o
                0x08000488                dumpExceptionStack
 .text.isSemihosting
                0x0800057c       0x20 ./system/src/cortexm/exception_handlers.o
                0x0800057c                isSemihosting
 .text.SetSysClockTo72
                0x0800059c       0xc4 ./system/src/cmsis/system_stm32f10x.o
 .text.SetSysClock
                0x08000660        0x8 ./system/src/cmsis/system_stm32f10x.o
 .text.SystemInit
                0x08000668       0x50 ./system/src/cmsis/system_stm32f10x.o
                0x08000668                SystemInit
 .text.SystemCoreClockUpdate
                0x080006b8       0x94 ./system/src/cmsis/system_stm32f10x.o
                0x080006b8                SystemCoreClockUpdate
 .text.FlashUnlock
                0x0800074c       0x20 ./src/MCAL/10-FLASH/FLASH_program.o
 .text.MFLASH_voidWrite
                0x0800076c       0x58 ./src/MCAL/10-FLASH/FLASH_program.o
                0x0800076c                MFLASH_voidWrite
 .text.MFLASH_voidPageErase
                0x080007c4       0x50 ./src/MCAL/10-FLASH/FLASH_program.o
                0x080007c4                MFLASH_voidPageErase
 .text.MFLASH_voidAreaErase
                0x08000814       0x16 ./src/MCAL/10-FLASH/FLASH_program.o
                0x08000814                MFLASH_voidAreaErase
 *fill*         0x0800082a        0x2 
 .text.MUART_voidInit
                0x0800082c       0x30 ./src/MCAL/09-UART/UART_program.o
                0x0800082c                MUART_voidInit
 .text.MUART_voidReceiveByteAsync
                0x0800085c        0xc ./src/MCAL/09-UART/UART_program.o
                0x0800085c                MUART_voidReceiveByteAsync
 .text.MUART_voidSendString
                0x08000868       0x24 ./src/MCAL/09-UART/UART_program.o
                0x08000868                MUART_voidSendString
 .text.MUSART1_VidSetCallBack
                0x0800088c        0xc ./src/MCAL/09-UART/UART_program.o
                0x0800088c                MUSART1_VidSetCallBack
 .text.USART1_IRQHandler
                0x08000898       0x18 ./src/MCAL/09-UART/UART_program.o
                0x08000898                USART1_IRQHandler
 .text.DMA1_Channel1_IRQHandler
                0x080008b0       0x10 ./src/MCAL/07-DMA/DMA_program.o
                0x080008b0                DMA1_Channel1_IRQHandler
 .text.MSYS_TICK_voidInit
                0x080008c0       0x18 ./src/MCAL/05-SYS_TICK/SYS_TICK_program.o
                0x080008c0                MSYS_TICK_voidInit
 .text.MSYS_TICK_voidSetBusyWait
                0x080008d8       0x30 ./src/MCAL/05-SYS_TICK/SYS_TICK_program.o
                0x080008d8                MSYS_TICK_voidSetBusyWait
 .text.SysTick_Handler
                0x08000908       0x30 ./src/MCAL/05-SYS_TICK/SYS_TICK_program.o
                0x08000908                SysTick_Handler
 .text.MEXTI_VoidInit
                0x08000938       0x18 ./src/MCAL/04-EXTI/EXTI_program.o
                0x08000938                MEXTI_VoidInit
 .text.MEXTI_VoidEnableLine
                0x08000950       0x14 ./src/MCAL/04-EXTI/EXTI_program.o
                0x08000950                MEXTI_VoidEnableLine
 .text.MEXTI_VoidSetSWInterrupt
                0x08000964       0x14 ./src/MCAL/04-EXTI/EXTI_program.o
                0x08000964                MEXTI_VoidSetSWInterrupt
 .text.EXTI_vidsetCallBack
                0x08000978       0x7c ./src/MCAL/04-EXTI/EXTI_program.o
                0x08000978                EXTI_vidsetCallBack
 .text.EXTI0_IRQHandler
                0x080009f4       0x20 ./src/MCAL/04-EXTI/EXTI_program.o
                0x080009f4                EXTI0_IRQHandler
 .text.EXTI1_IRQHandler
                0x08000a14       0x20 ./src/MCAL/04-EXTI/EXTI_program.o
                0x08000a14                EXTI1_IRQHandler
 .text.EXTI2_IRQHandler
                0x08000a34       0x20 ./src/MCAL/04-EXTI/EXTI_program.o
                0x08000a34                EXTI2_IRQHandler
 .text.EXTI3_IRQHandler
                0x08000a54       0x20 ./src/MCAL/04-EXTI/EXTI_program.o
                0x08000a54                EXTI3_IRQHandler
 .text.EXTI4_IRQHandler
                0x08000a74       0x20 ./src/MCAL/04-EXTI/EXTI_program.o
                0x08000a74                EXTI4_IRQHandler
 .text.EXTI9_5_IRQHandler
                0x08000a94       0x98 ./src/MCAL/04-EXTI/EXTI_program.o
                0x08000a94                EXTI9_5_IRQHandler
 .text.EXTI15_10_IRQHandler
                0x08000b2c       0xb4 ./src/MCAL/04-EXTI/EXTI_program.o
                0x08000b2c                EXTI15_10_IRQHandler
 .text.MNVIC_voidEnableInterrupt
                0x08000be0       0x18 ./src/MCAL/03-NVIC/NVIC_program.o
                0x08000be0                MNVIC_voidEnableInterrupt
 .text.MGPIO_voidSetPinDirection
                0x08000bf8       0xc0 ./src/MCAL/02-GPIO/GPIO_program.o
                0x08000bf8                MGPIO_voidSetPinDirection
 .text.MRCC_uint8CheckClkSourceReady
                0x08000cb8       0x24 ./src/MCAL/01-RCC/RCC_program.o
                0x08000cb8                MRCC_uint8CheckClkSourceReady
 .text.MRCC_voidSetClkStatus
                0x08000cdc       0x70 ./src/MCAL/01-RCC/RCC_program.o
                0x08000cdc                MRCC_voidSetClkStatus
 .text.MRCC_voidSetClkSource
                0x08000d4c       0x3c ./src/MCAL/01-RCC/RCC_program.o
                0x08000d4c                MRCC_voidSetClkSource
 .text.MRCC_voidInit
                0x08000d88       0x2c ./src/MCAL/01-RCC/RCC_program.o
                0x08000d88                MRCC_voidInit
 .text.MRCC_voidSetPeripheralClock
                0x08000db4       0x84 ./src/MCAL/01-RCC/RCC_program.o
                0x08000db4                MRCC_voidSetPeripheralClock
 .text.HWIFI_CommandValidation
                0x08000e38       0x48 ./src/HAL/06 -WIFI/WIFI_program.o
 .text.HWIFI_CLearDataBuffer
                0x08000e80       0x2c ./src/HAL/06 -WIFI/WIFI_program.o
 .text.MUART_ReceiveCBK_Func
                0x08000eac       0x24 ./src/HAL/06 -WIFI/WIFI_program.o
                0x08000eac                MUART_ReceiveCBK_Func
 .text.HWIFI_voidInit
                0x08000ed0       0x54 ./src/HAL/06 -WIFI/WIFI_program.o
                0x08000ed0                HWIFI_voidInit
 .text.HWIFI_voidConnectToWifi
                0x08000f24       0x6c ./src/HAL/06 -WIFI/WIFI_program.o
                0x08000f24                HWIFI_voidConnectToWifi
 .text.HWIFI_voidConnectToServer
                0x08000f90       0x48 ./src/HAL/06 -WIFI/WIFI_program.o
                0x08000f90                HWIFI_voidConnectToServer
 .text.HWIFI_VoidSendHttpRequest
                0x08000fd8       0x58 ./src/HAL/06 -WIFI/WIFI_program.o
                0x08000fd8                HWIFI_VoidSendHttpRequest
 .text.HWIFI_VoidReceiveRecord
                0x08001030       0x48 ./src/HAL/06 -WIFI/WIFI_program.o
                0x08001030                HWIFI_VoidReceiveRecord
 .text.SW_INT_CBKFunc
                0x08001078       0x24 ./src/APP/main.o
                0x08001078                SW_INT_CBKFunc
 .text.main     0x0800109c       0xd8 ./src/APP/main.o
                0x0800109c                main
 .text.ASCIIToHex
                0x08001174       0x14 ./src/APP/parse.o
                0x08001174                ASCIIToHex
 .text.ParseData
                0x08001188       0xbc ./src/APP/parse.o
                0x08001188                ParseData
 .text.Parser_voidParseRecord
                0x08001244       0x54 ./src/APP/parse.o
                0x08001244                Parser_voidParseRecord
 .text.__errno  0x08001298        0xc d:/courses/01- avr/00-tools/01-imt sdk/imt_sdk_win_64/winarm/armgcc/bin/../lib/gcc/arm-none-eabi/7.2.1/../../../../arm-none-eabi/lib/thumb/v7-m\libg_nano.a(lib_a-errno.o)
                0x08001298                __errno
 .text._vsnprintf_r
                0x080012a4       0x58 d:/courses/01- avr/00-tools/01-imt sdk/imt_sdk_win_64/winarm/armgcc/bin/../lib/gcc/arm-none-eabi/7.2.1/../../../../arm-none-eabi/lib/thumb/v7-m\libg_nano.a(lib_a-vsnprintf.o)
                0x080012a4                _vsniprintf_r
                0x080012a4                _vsnprintf_r
 .text.vsnprintf
                0x080012fc       0x1c d:/courses/01- avr/00-tools/01-imt sdk/imt_sdk_win_64/winarm/armgcc/bin/../lib/gcc/arm-none-eabi/7.2.1/../../../../arm-none-eabi/lib/thumb/v7-m\libg_nano.a(lib_a-vsnprintf.o)
                0x080012fc                vsniprintf
                0x080012fc                vsnprintf
 .text.__ssputs_r
                0x08001318       0xb4 d:/courses/01- avr/00-tools/01-imt sdk/imt_sdk_win_64/winarm/armgcc/bin/../lib/gcc/arm-none-eabi/7.2.1/../../../../arm-none-eabi/lib/thumb/v7-m\libg_nano.a(lib_a-nano-svfprintf.o)
                0x08001318                __ssputs_r
 .text._svfprintf_r
                0x080013cc      0x1ec d:/courses/01- avr/00-tools/01-imt sdk/imt_sdk_win_64/winarm/armgcc/bin/../lib/gcc/arm-none-eabi/7.2.1/../../../../arm-none-eabi/lib/thumb/v7-m\libg_nano.a(lib_a-nano-svfprintf.o)
                0x080013cc                _svfiprintf_r
                0x080013cc                _svfprintf_r
 .text._printf_common
                0x080015b8       0xec d:/courses/01- avr/00-tools/01-imt sdk/imt_sdk_win_64/winarm/armgcc/bin/../lib/gcc/arm-none-eabi/7.2.1/../../../../arm-none-eabi/lib/thumb/v7-m\libg_nano.a(lib_a-nano-vfprintf_i.o)
                0x080015b8                _printf_common
 .text._printf_i
                0x080016a4      0x224 d:/courses/01- avr/00-tools/01-imt sdk/imt_sdk_win_64/winarm/armgcc/bin/../lib/gcc/arm-none-eabi/7.2.1/../../../../arm-none-eabi/lib/thumb/v7-m\libg_nano.a(lib_a-nano-vfprintf_i.o)
                0x080016a4                _printf_i
 .text.memchr   0x080018c8       0x1c d:/courses/01- avr/00-tools/01-imt sdk/imt_sdk_win_64/winarm/armgcc/bin/../lib/gcc/arm-none-eabi/7.2.1/../../../../arm-none-eabi/lib/thumb/v7-m\libg_nano.a(lib_a-memchr-stub.o)
                0x080018c8                memchr
 .text.memcpy   0x080018e4       0x16 d:/courses/01- avr/00-tools/01-imt sdk/imt_sdk_win_64/winarm/armgcc/bin/../lib/gcc/arm-none-eabi/7.2.1/../../../../arm-none-eabi/lib/thumb/v7-m\libg_nano.a(lib_a-memcpy-stub.o)
                0x080018e4                memcpy
 .text.memmove  0x080018fa       0x32 d:/courses/01- avr/00-tools/01-imt sdk/imt_sdk_win_64/winarm/armgcc/bin/../lib/gcc/arm-none-eabi/7.2.1/../../../../arm-none-eabi/lib/thumb/v7-m\libg_nano.a(lib_a-memmove.o)
                0x080018fa                memmove
 .text._free_r  0x0800192c       0x98 d:/courses/01- avr/00-tools/01-imt sdk/imt_sdk_win_64/winarm/armgcc/bin/../lib/gcc/arm-none-eabi/7.2.1/../../../../arm-none-eabi/lib/thumb/v7-m\libg_nano.a(lib_a-nano-freer.o)
                0x0800192c                _free_r
 .text._malloc_r
                0x080019c4       0xb4 d:/courses/01- avr/00-tools/01-imt sdk/imt_sdk_win_64/winarm/armgcc/bin/../lib/gcc/arm-none-eabi/7.2.1/../../../../arm-none-eabi/lib/thumb/v7-m\libg_nano.a(lib_a-nano-mallocr.o)
                0x080019c4                _malloc_r
 .text._realloc_r
                0x08001a78       0x4c d:/courses/01- avr/00-tools/01-imt sdk/imt_sdk_win_64/winarm/armgcc/bin/../lib/gcc/arm-none-eabi/7.2.1/../../../../arm-none-eabi/lib/thumb/v7-m\libg_nano.a(lib_a-nano-reallocr.o)
                0x08001a78                _realloc_r
 .text._sbrk_r  0x08001ac4       0x20 d:/courses/01- avr/00-tools/01-imt sdk/imt_sdk_win_64/winarm/armgcc/bin/../lib/gcc/arm-none-eabi/7.2.1/../../../../arm-none-eabi/lib/thumb/v7-m\libg_nano.a(lib_a-sbrkr.o)
                0x08001ac4                _sbrk_r
 .text.__malloc_lock
                0x08001ae4        0x2 d:/courses/01- avr/00-tools/01-imt sdk/imt_sdk_win_64/winarm/armgcc/bin/../lib/gcc/arm-none-eabi/7.2.1/../../../../arm-none-eabi/lib/thumb/v7-m\libg_nano.a(lib_a-mlock.o)
                0x08001ae4                __malloc_lock
 .text.__malloc_unlock
                0x08001ae6        0x2 d:/courses/01- avr/00-tools/01-imt sdk/imt_sdk_win_64/winarm/armgcc/bin/../lib/gcc/arm-none-eabi/7.2.1/../../../../arm-none-eabi/lib/thumb/v7-m\libg_nano.a(lib_a-mlock.o)
                0x08001ae6                __malloc_unlock
 .text._malloc_usable_size_r
                0x08001ae8       0x10 d:/courses/01- avr/00-tools/01-imt sdk/imt_sdk_win_64/winarm/armgcc/bin/../lib/gcc/arm-none-eabi/7.2.1/../../../../arm-none-eabi/lib/thumb/v7-m\libg_nano.a(lib_a-nano-msizer.o)
                0x08001ae8                _malloc_usable_size_r
 *(.rodata .rodata.* .constdata .constdata.*)
 .rodata.dumpExceptionStack.str1.4
                0x08001af8      0x11a ./system/src/cortexm/exception_handlers.o
 *fill*         0x08001c12        0x2 
 .rodata.str1.4
                0x08001c14       0x2a ./system/src/cortexm/exception_handlers.o
 *fill*         0x08001c3e        0x2 
 .rodata.HWIFI_VoidSendHttpRequest.str1.4
                0x08001c40       0x11 ./src/HAL/06 -WIFI/WIFI_program.o
 *fill*         0x08001c51        0x3 
 .rodata.HWIFI_voidConnectToServer.str1.4
                0x08001c54       0x2f ./src/HAL/06 -WIFI/WIFI_program.o
 *fill*         0x08001c83        0x1 
 .rodata.HWIFI_voidConnectToWifi.str1.4
                0x08001c84       0x30 ./src/HAL/06 -WIFI/WIFI_program.o
                                 0x34 (size before relaxing)
 .rodata.HWIFI_voidInit.str1.4
                0x08001cb4       0x16 ./src/HAL/06 -WIFI/WIFI_program.o
 *fill*         0x08001cca        0x2 
 .rodata.main.str1.4
                0x08001ccc       0x8b ./src/APP/main.o
 *fill*         0x08001d57        0x1 
 .rodata.Parser_voidParseRecord.str1.4
                0x08001d58       0x3c ./src/APP/parse.o
                                 0x39 (size before relaxing)
 .rodata._svfprintf_r.str1.1
                0x08001d94       0x11 d:/courses/01- avr/00-tools/01-imt sdk/imt_sdk_win_64/winarm/armgcc/bin/../lib/gcc/arm-none-eabi/7.2.1/../../../../arm-none-eabi/lib/thumb/v7-m\libg_nano.a(lib_a-nano-svfprintf.o)
 .rodata._printf_i.str1.1
                0x08001da5       0x22 d:/courses/01- avr/00-tools/01-imt sdk/imt_sdk_win_64/winarm/armgcc/bin/../lib/gcc/arm-none-eabi/7.2.1/../../../../arm-none-eabi/lib/thumb/v7-m\libg_nano.a(lib_a-nano-vfprintf_i.o)
 *(vtable)
 *(.eh_frame*)
 *(.glue_7)
 .glue_7        0x08001dc7        0x0 linker stubs
 *(.glue_7t)
 .glue_7t       0x08001dc7        0x0 linker stubs

.vfp11_veneer   0x08001dc8        0x0
 .vfp11_veneer  0x08001dc8        0x0 linker stubs

.v4_bx          0x08001dc8        0x0
 .v4_bx         0x08001dc8        0x0 linker stubs

.iplt           0x08001dc8        0x0
 .iplt          0x08001dc8        0x0 ./system/src/newlib/_exit.o

.rel.dyn        0x08001dc8        0x0
 .rel.iplt      0x08001dc8        0x0 ./system/src/newlib/_exit.o

.ARM.extab
 *(.ARM.extab* .gnu.linkonce.armextab.*)
                0x08001dc8                . = ALIGN (0x4)
                0x08001dc8                __exidx_start = .

.ARM.exidx
 *(.ARM.exidx* .gnu.linkonce.armexidx.*)
                0x08001dc8                __exidx_end = .
                0x08001dc8                . = ALIGN (0x4)
                0x08001dc8                _etext = .
                0x08001dc8                __etext = .

.data_CCMRAM    0x00000000        0x0 load address 0x08001dc8
 FILL mask 0xff
 *(.data.CCMRAM .data.CCMRAM.*)
                0x00000000                . = ALIGN (0x4)
                0x08001dc8                _sidata = LOADADDR (.data)

.data           0x20000000       0x8c load address 0x08001dc8
 FILL mask 0xff
                0x20000000                _sdata = .
                0x20000000                __data_start__ = .
 *(.data_begin .data_begin.*)
 .data_begin    0x20000000        0x4 ./system/src/newlib/_startup.o
 *(.data .data.*)
 .data.argv.4310
                0x20000004        0x8 ./system/src/newlib/_syscalls.o
 .data.AHBPrescTable
                0x2000000c       0x10 ./system/src/cmsis/system_stm32f10x.o
                0x2000000c                AHBPrescTable
 .data.SystemCoreClock
                0x2000001c        0x4 ./system/src/cmsis/system_stm32f10x.o
                0x2000001c                SystemCoreClock
 .data.Address  0x20000020        0x4 ./src/APP/parse.o
                0x20000020                Address
 .data._impure_ptr
                0x20000024        0x4 d:/courses/01- avr/00-tools/01-imt sdk/imt_sdk_win_64/winarm/armgcc/bin/../lib/gcc/arm-none-eabi/7.2.1/../../../../arm-none-eabi/lib/thumb/v7-m\libg_nano.a(lib_a-impure.o)
                0x20000024                _impure_ptr
 .data.impure_data
                0x20000028       0x60 d:/courses/01- avr/00-tools/01-imt sdk/imt_sdk_win_64/winarm/armgcc/bin/../lib/gcc/arm-none-eabi/7.2.1/../../../../arm-none-eabi/lib/thumb/v7-m\libg_nano.a(lib_a-impure.o)
 *(.data_end .data_end.*)
 .data_end      0x20000088        0x4 ./system/src/newlib/_startup.o
                0x2000008c                . = ALIGN (0x4)
                0x2000008c                _edata = .
                0x2000008c                __data_end__ = .

.igot.plt       0x2000008c        0x0 load address 0x08001e54
 .igot.plt      0x2000008c        0x0 ./system/src/newlib/_exit.o

.bss_CCMRAM     0x00000000        0x0
 *(.bss.CCMRAM .bss.CCMRAM.*)

.bss            0x2000008c      0x28c
                0x2000008c                __bss_start__ = .
                0x2000008c                _sbss = .
 *(.bss_begin .bss_begin.*)
 .bss_begin     0x2000008c        0x4 ./system/src/newlib/_startup.o
 *(.bss .bss.*)
 .bss.current_heap_end.3961
                0x20000090        0x4 ./system/src/newlib/_sbrk.o
 .bss.name.4309
                0x20000094        0x1 ./system/src/newlib/_syscalls.o
 *fill*         0x20000095        0x3 
 .bss.buf.5205  0x20000098       0x80 ./system/src/diag/Trace.o
 .bss.MUSART1_CallBack
                0x20000118        0x4 ./src/MCAL/09-UART/UART_program.o
                0x20000118                MUSART1_CallBack
 .bss.GlobalChannels_CBK_Array
                0x2000011c        0x4 ./src/MCAL/07-DMA/DMA_program.o
 .bss.SinglePeriodicFlag
                0x20000120        0x1 ./src/MCAL/05-SYS_TICK/SYS_TICK_program.o
                0x20000120                SinglePeriodicFlag
 *fill*         0x20000121        0x3 
 .bss.Sys_TickHandler
                0x20000124        0x4 ./src/MCAL/05-SYS_TICK/SYS_TICK_program.o
 .bss.CBK_PtrFunctionsArray
                0x20000128       0x40 ./src/MCAL/04-EXTI/EXTI_program.o
 .bss.Global_uint8LoopCounter
                0x20000168        0x1 ./src/HAL/06 -WIFI/WIFI_program.o
                0x20000168                Global_uint8LoopCounter
 *fill*         0x20000169        0x3 
 .bss.Global_uint8RecordDataBuffer
                0x2000016c       0x64 ./src/HAL/06 -WIFI/WIFI_program.o
                0x2000016c                Global_uint8RecordDataBuffer
 .bss.Global_uint8Validation_Flag
                0x200001d0        0x1 ./src/HAL/06 -WIFI/WIFI_program.o
                0x200001d0                Global_uint8Validation_Flag
 *fill*         0x200001d1        0x3 
 .bss.Application_Address
                0x200001d4        0x4 ./src/APP/main.o
                0x200001d4                Application_Address
 .bss.Global_uint8Record
                0x200001d8       0x64 ./src/APP/main.o
                0x200001d8                Global_uint8Record
 .bss.DataBuffer
                0x2000023c       0xc8 ./src/APP/parse.o
                0x2000023c                DataBuffer
 .bss.Global_uint8HexStartFlag
                0x20000304        0x1 ./src/APP/parse.o
                0x20000304                Global_uint8HexStartFlag
 *fill*         0x20000305        0x3 
 .bss.__malloc_free_list
                0x20000308        0x4 d:/courses/01- avr/00-tools/01-imt sdk/imt_sdk_win_64/winarm/armgcc/bin/../lib/gcc/arm-none-eabi/7.2.1/../../../../arm-none-eabi/lib/thumb/v7-m\libg_nano.a(lib_a-nano-mallocr.o)
                0x20000308                __malloc_free_list
 .bss.__malloc_sbrk_start
                0x2000030c        0x4 d:/courses/01- avr/00-tools/01-imt sdk/imt_sdk_win_64/winarm/armgcc/bin/../lib/gcc/arm-none-eabi/7.2.1/../../../../arm-none-eabi/lib/thumb/v7-m\libg_nano.a(lib_a-nano-mallocr.o)
                0x2000030c                __malloc_sbrk_start
 *(COMMON)
 COMMON         0x20000310        0x4 ./system/src/newlib/_syscalls.o
                0x20000310                errno
 *(.bss_end .bss_end.*)
 .bss_end       0x20000314        0x4 ./system/src/newlib/_startup.o
                0x20000318                . = ALIGN (0x4)
                0x20000318                __bss_end__ = .
                0x20000318                _ebss = .

.noinit_CCMRAM
 *(.noinit.CCMRAM .noinit.CCMRAM.*)

.noinit         0x20000318        0x0
                0x20000318                _noinit = .
 *(.noinit .noinit.*)
                0x20000318                . = ALIGN (0x4)
                0x20000318                _end_noinit = .
                [!provide]                PROVIDE (end, _end_noinit)
                [!provide]                PROVIDE (_end, _end_noinit)
                [!provide]                PROVIDE (__end, _end_noinit)
                [!provide]                PROVIDE (__end__, _end_noinit)

._check_stack   0x20000318      0x100
                0x20000418                . = (. + _Minimum_Stack_Size)
 *fill*         0x20000318      0x100 

.b1text
 *(.b1text)
 *(.b1rodata)
 *(.b1rodata.*)

.eb0text
 *(.eb0text)
 *(.eb0rodata)
 *(.eb0rodata.*)

.eb1text
 *(.eb1text)
 *(.eb1rodata)
 *(.eb1rodata.*)

.eb2text
 *(.eb2text)
 *(.eb2rodata)
 *(.eb2rodata.*)

.eb3text
 *(.eb3text)
 *(.eb3rodata)
 *(.eb3rodata.*)

.stab
 *(.stab)

.stabstr
 *(.stabstr)

.stab.excl
 *(.stab.excl)

.stab.exclstr
 *(.stab.exclstr)

.stab.index
 *(.stab.index)

.stab.indexstr
 *(.stab.indexstr)

.comment        0x00000000       0x7e
 *(.comment)
 .comment       0x00000000       0x7e ./system/src/newlib/_exit.o
                                 0x7f (size before relaxing)
 .comment       0x0000007e       0x7f ./system/src/newlib/_sbrk.o
 .comment       0x0000007e       0x7f ./system/src/newlib/_startup.o
 .comment       0x0000007e       0x7f ./system/src/newlib/_syscalls.o
 .comment       0x0000007e       0x7f ./system/src/diag/Trace.o
 .comment       0x0000007e       0x7f ./system/src/diag/trace_impl.o
 .comment       0x0000007e       0x7f ./system/src/cortexm/_initialize_hardware.o
 .comment       0x0000007e       0x7f ./system/src/cortexm/exception_handlers.o
 .comment       0x0000007e       0x7f ./system/src/cmsis/system_stm32f10x.o
 .comment       0x0000007e       0x7f ./system/src/cmsis/vectors_stm32f10x.o
 .comment       0x0000007e       0x7f ./src/MCAL/10-FLASH/FLASH_program.o
 .comment       0x0000007e       0x7f ./src/MCAL/09-UART/UART_program.o
 .comment       0x0000007e       0x7f ./src/MCAL/07-DMA/DMA_program.o
 .comment       0x0000007e       0x7f ./src/MCAL/05-SYS_TICK/SYS_TICK_program.o
 .comment       0x0000007e       0x7f ./src/MCAL/04-EXTI/EXTI_program.o
 .comment       0x0000007e       0x7f ./src/MCAL/03-NVIC/NVIC_program.o
 .comment       0x0000007e       0x7f ./src/MCAL/02-GPIO/GPIO_program.o
 .comment       0x0000007e       0x7f ./src/MCAL/01-RCC/RCC_program.o
 .comment       0x0000007e       0x7f ./src/HAL/06 -WIFI/WIFI_program.o
 .comment       0x0000007e       0x7f ./src/APP/main.o
 .comment       0x0000007e       0x7f ./src/APP/parse.o

.ARM.attributes
                0x00000000       0x31
 .ARM.attributes
                0x00000000       0x33 ./system/src/newlib/_exit.o
 .ARM.attributes
                0x00000033       0x33 ./system/src/newlib/_sbrk.o
 .ARM.attributes
                0x00000066       0x33 ./system/src/newlib/_startup.o
 .ARM.attributes
                0x00000099       0x33 ./system/src/newlib/_syscalls.o
 .ARM.attributes
                0x000000cc       0x33 ./system/src/diag/Trace.o
 .ARM.attributes
                0x000000ff       0x33 ./system/src/diag/trace_impl.o
 .ARM.attributes
                0x00000132       0x33 ./system/src/cortexm/_initialize_hardware.o
 .ARM.attributes
                0x00000165       0x33 ./system/src/cortexm/exception_handlers.o
 .ARM.attributes
                0x00000198       0x33 ./system/src/cmsis/system_stm32f10x.o
 .ARM.attributes
                0x000001cb       0x33 ./system/src/cmsis/vectors_stm32f10x.o
 .ARM.attributes
                0x000001fe       0x33 ./src/MCAL/10-FLASH/FLASH_program.o
 .ARM.attributes
                0x00000231       0x33 ./src/MCAL/09-UART/UART_program.o
 .ARM.attributes
                0x00000264       0x33 ./src/MCAL/07-DMA/DMA_program.o
 .ARM.attributes
                0x00000297       0x33 ./src/MCAL/05-SYS_TICK/SYS_TICK_program.o
 .ARM.attributes
                0x000002ca       0x33 ./src/MCAL/04-EXTI/EXTI_program.o
 .ARM.attributes
                0x000002fd       0x33 ./src/MCAL/03-NVIC/NVIC_program.o
 .ARM.attributes
                0x00000330       0x33 ./src/MCAL/02-GPIO/GPIO_program.o
 .ARM.attributes
                0x00000363       0x33 ./src/MCAL/01-RCC/RCC_program.o
 .ARM.attributes
                0x00000396       0x33 ./src/HAL/06 -WIFI/WIFI_program.o
 .ARM.attributes
                0x000003c9       0x33 ./src/APP/main.o
 .ARM.attributes
                0x000003fc       0x33 ./src/APP/parse.o
 .ARM.attributes
                0x0000042f       0x2d d:/courses/01- avr/00-tools/01-imt sdk/imt_sdk_win_64/winarm/armgcc/bin/../lib/gcc/arm-none-eabi/7.2.1/../../../../arm-none-eabi/lib/thumb/v7-m\libg_nano.a(lib_a-errno.o)
 .ARM.attributes
                0x0000045c       0x2d d:/courses/01- avr/00-tools/01-imt sdk/imt_sdk_win_64/winarm/armgcc/bin/../lib/gcc/arm-none-eabi/7.2.1/../../../../arm-none-eabi/lib/thumb/v7-m\libg_nano.a(lib_a-impure.o)
 .ARM.attributes
                0x00000489       0x2d d:/courses/01- avr/00-tools/01-imt sdk/imt_sdk_win_64/winarm/armgcc/bin/../lib/gcc/arm-none-eabi/7.2.1/../../../../arm-none-eabi/lib/thumb/v7-m\libg_nano.a(lib_a-vsnprintf.o)
 .ARM.attributes
                0x000004b6       0x2d d:/courses/01- avr/00-tools/01-imt sdk/imt_sdk_win_64/winarm/armgcc/bin/../lib/gcc/arm-none-eabi/7.2.1/../../../../arm-none-eabi/lib/thumb/v7-m\libg_nano.a(lib_a-nano-svfprintf.o)
 .ARM.attributes
                0x000004e3       0x2d d:/courses/01- avr/00-tools/01-imt sdk/imt_sdk_win_64/winarm/armgcc/bin/../lib/gcc/arm-none-eabi/7.2.1/../../../../arm-none-eabi/lib/thumb/v7-m\libg_nano.a(lib_a-nano-vfprintf_i.o)
 .ARM.attributes
                0x00000510       0x2d d:/courses/01- avr/00-tools/01-imt sdk/imt_sdk_win_64/winarm/armgcc/bin/../lib/gcc/arm-none-eabi/7.2.1/../../../../arm-none-eabi/lib/thumb/v7-m\libg_nano.a(lib_a-memchr-stub.o)
 .ARM.attributes
                0x0000053d       0x2d d:/courses/01- avr/00-tools/01-imt sdk/imt_sdk_win_64/winarm/armgcc/bin/../lib/gcc/arm-none-eabi/7.2.1/../../../../arm-none-eabi/lib/thumb/v7-m\libg_nano.a(lib_a-memcpy-stub.o)
 .ARM.attributes
                0x0000056a       0x2d d:/courses/01- avr/00-tools/01-imt sdk/imt_sdk_win_64/winarm/armgcc/bin/../lib/gcc/arm-none-eabi/7.2.1/../../../../arm-none-eabi/lib/thumb/v7-m\libg_nano.a(lib_a-memmove.o)
 .ARM.attributes
                0x00000597       0x2d d:/courses/01- avr/00-tools/01-imt sdk/imt_sdk_win_64/winarm/armgcc/bin/../lib/gcc/arm-none-eabi/7.2.1/../../../../arm-none-eabi/lib/thumb/v7-m\libg_nano.a(lib_a-nano-freer.o)
 .ARM.attributes
                0x000005c4       0x2d d:/courses/01- avr/00-tools/01-imt sdk/imt_sdk_win_64/winarm/armgcc/bin/../lib/gcc/arm-none-eabi/7.2.1/../../../../arm-none-eabi/lib/thumb/v7-m\libg_nano.a(lib_a-nano-mallocr.o)
 .ARM.attributes
                0x000005f1       0x2d d:/courses/01- avr/00-tools/01-imt sdk/imt_sdk_win_64/winarm/armgcc/bin/../lib/gcc/arm-none-eabi/7.2.1/../../../../arm-none-eabi/lib/thumb/v7-m\libg_nano.a(lib_a-nano-reallocr.o)
 .ARM.attributes
                0x0000061e       0x2d d:/courses/01- avr/00-tools/01-imt sdk/imt_sdk_win_64/winarm/armgcc/bin/../lib/gcc/arm-none-eabi/7.2.1/../../../../arm-none-eabi/lib/thumb/v7-m\libg_nano.a(lib_a-sbrkr.o)
 .ARM.attributes
                0x0000064b       0x2d d:/courses/01- avr/00-tools/01-imt sdk/imt_sdk_win_64/winarm/armgcc/bin/../lib/gcc/arm-none-eabi/7.2.1/../../../../arm-none-eabi/lib/thumb/v7-m\libg_nano.a(lib_a-mlock.o)
 .ARM.attributes
                0x00000678       0x2d d:/courses/01- avr/00-tools/01-imt sdk/imt_sdk_win_64/winarm/armgcc/bin/../lib/gcc/arm-none-eabi/7.2.1/../../../../arm-none-eabi/lib/thumb/v7-m\libg_nano.a(lib_a-nano-msizer.o)

.debug
 *(.debug)

.line
 *(.line)

.debug_srcinfo
 *(.debug_srcinfo)

.debug_sfnames
 *(.debug_sfnames)

.debug_aranges  0x00000000      0x580
 *(.debug_aranges)
 .debug_aranges
                0x00000000       0x28 ./system/src/newlib/_exit.o
 .debug_aranges
                0x00000028       0x20 ./system/src/newlib/_sbrk.o
 .debug_aranges
                0x00000048       0x40 ./system/src/newlib/_startup.o
 .debug_aranges
                0x00000088       0x30 ./system/src/newlib/_syscalls.o
 .debug_aranges
                0x000000b8       0x38 ./system/src/diag/Trace.o
 .debug_aranges
                0x000000f0       0x30 ./system/src/diag/trace_impl.o
 .debug_aranges
                0x00000120       0x28 ./system/src/cortexm/_initialize_hardware.o
 .debug_aranges
                0x00000148       0x90 ./system/src/cortexm/exception_handlers.o
 .debug_aranges
                0x000001d8       0x38 ./system/src/cmsis/system_stm32f10x.o
 .debug_aranges
                0x00000210       0x20 ./system/src/cmsis/vectors_stm32f10x.o
 .debug_aranges
                0x00000230       0x38 ./src/MCAL/10-FLASH/FLASH_program.o
 .debug_aranges
                0x00000268       0x58 ./src/MCAL/09-UART/UART_program.o
 .debug_aranges
                0x000002c0       0x38 ./src/MCAL/07-DMA/DMA_program.o
 .debug_aranges
                0x000002f8       0x68 ./src/MCAL/05-SYS_TICK/SYS_TICK_program.o
 .debug_aranges
                0x00000360       0x80 ./src/MCAL/04-EXTI/EXTI_program.o
 .debug_aranges
                0x000003e0       0x40 ./src/MCAL/03-NVIC/NVIC_program.o
 .debug_aranges
                0x00000420       0x60 ./src/MCAL/02-GPIO/GPIO_program.o
 .debug_aranges
                0x00000480       0x50 ./src/MCAL/01-RCC/RCC_program.o
 .debug_aranges
                0x000004d0       0x58 ./src/HAL/06 -WIFI/WIFI_program.o
 .debug_aranges
                0x00000528       0x28 ./src/APP/main.o
 .debug_aranges
                0x00000550       0x30 ./src/APP/parse.o

.debug_pubnames
 *(.debug_pubnames)

.debug_info     0x00000000     0x699b
 *(.debug_info .gnu.linkonce.wi.*)
 .debug_info    0x00000000      0x956 ./system/src/newlib/_exit.o
 .debug_info    0x00000956      0x942 ./system/src/newlib/_sbrk.o
 .debug_info    0x00001298      0x42e ./system/src/newlib/_startup.o
 .debug_info    0x000016c6      0xa19 ./system/src/newlib/_syscalls.o
 .debug_info    0x000020df      0xb2a ./system/src/diag/Trace.o
 .debug_info    0x00002c09      0x363 ./system/src/diag/trace_impl.o
 .debug_info    0x00002f6c      0x2b5 ./system/src/cortexm/_initialize_hardware.o
 .debug_info    0x00003221     0x1140 ./system/src/cortexm/exception_handlers.o
 .debug_info    0x00004361      0x494 ./system/src/cmsis/system_stm32f10x.o
 .debug_info    0x000047f5       0xca ./system/src/cmsis/vectors_stm32f10x.o
 .debug_info    0x000048bf      0x1eb ./src/MCAL/10-FLASH/FLASH_program.o
 .debug_info    0x00004aaa      0x205 ./src/MCAL/09-UART/UART_program.o
 .debug_info    0x00004caf      0x2e7 ./src/MCAL/07-DMA/DMA_program.o
 .debug_info    0x00004f96      0x202 ./src/MCAL/05-SYS_TICK/SYS_TICK_program.o
 .debug_info    0x00005198      0x311 ./src/MCAL/04-EXTI/EXTI_program.o
 .debug_info    0x000054a9      0x1f7 ./src/MCAL/03-NVIC/NVIC_program.o
 .debug_info    0x000056a0      0x38b ./src/MCAL/02-GPIO/GPIO_program.o
 .debug_info    0x00005a2b      0x2f4 ./src/MCAL/01-RCC/RCC_program.o
 .debug_info    0x00005d1f      0x52a ./src/HAL/06 -WIFI/WIFI_program.o
 .debug_info    0x00006249      0x44c ./src/APP/main.o
 .debug_info    0x00006695      0x306 ./src/APP/parse.o

.debug_abbrev   0x00000000     0x1dff
 *(.debug_abbrev)
 .debug_abbrev  0x00000000      0x1f3 ./system/src/newlib/_exit.o
 .debug_abbrev  0x000001f3      0x1fc ./system/src/newlib/_sbrk.o
 .debug_abbrev  0x000003ef      0x1b3 ./system/src/newlib/_startup.o
 .debug_abbrev  0x000005a2      0x234 ./system/src/newlib/_syscalls.o
 .debug_abbrev  0x000007d6      0x276 ./system/src/diag/Trace.o
 .debug_abbrev  0x00000a4c      0x1e2 ./system/src/diag/trace_impl.o
 .debug_abbrev  0x00000c2e       0xea ./system/src/cortexm/_initialize_hardware.o
 .debug_abbrev  0x00000d18      0x32b ./system/src/cortexm/exception_handlers.o
 .debug_abbrev  0x00001043      0x177 ./system/src/cmsis/system_stm32f10x.o
 .debug_abbrev  0x000011ba       0x9d ./system/src/cmsis/vectors_stm32f10x.o
 .debug_abbrev  0x00001257       0xcb ./src/MCAL/10-FLASH/FLASH_program.o
 .debug_abbrev  0x00001322      0x113 ./src/MCAL/09-UART/UART_program.o
 .debug_abbrev  0x00001435      0x119 ./src/MCAL/07-DMA/DMA_program.o
 .debug_abbrev  0x0000154e      0x103 ./src/MCAL/05-SYS_TICK/SYS_TICK_program.o
 .debug_abbrev  0x00001651      0x11c ./src/MCAL/04-EXTI/EXTI_program.o
 .debug_abbrev  0x0000176d       0xee ./src/MCAL/03-NVIC/NVIC_program.o
 .debug_abbrev  0x0000185b      0x11c ./src/MCAL/02-GPIO/GPIO_program.o
 .debug_abbrev  0x00001977      0x127 ./src/MCAL/01-RCC/RCC_program.o
 .debug_abbrev  0x00001a9e      0x12f ./src/HAL/06 -WIFI/WIFI_program.o
 .debug_abbrev  0x00001bcd      0x11a ./src/APP/main.o
 .debug_abbrev  0x00001ce7      0x118 ./src/APP/parse.o

.debug_line     0x00000000     0x3d34
 *(.debug_line)
 .debug_line    0x00000000      0x387 ./system/src/newlib/_exit.o
 .debug_line    0x00000387      0x33b ./system/src/newlib/_sbrk.o
 .debug_line    0x000006c2      0x3f5 ./system/src/newlib/_startup.o
 .debug_line    0x00000ab7      0x45f ./system/src/newlib/_syscalls.o
 .debug_line    0x00000f16      0x403 ./system/src/diag/Trace.o
 .debug_line    0x00001319      0x670 ./system/src/diag/trace_impl.o
 .debug_line    0x00001989      0x382 ./system/src/cortexm/_initialize_hardware.o
 .debug_line    0x00001d0b      0x732 ./system/src/cortexm/exception_handlers.o
 .debug_line    0x0000243d      0x3f5 ./system/src/cmsis/system_stm32f10x.o
 .debug_line    0x00002832      0x10e ./system/src/cmsis/vectors_stm32f10x.o
 .debug_line    0x00002940      0x17e ./src/MCAL/10-FLASH/FLASH_program.o
 .debug_line    0x00002abe      0x192 ./src/MCAL/09-UART/UART_program.o
 .debug_line    0x00002c50      0x139 ./src/MCAL/07-DMA/DMA_program.o
 .debug_line    0x00002d89      0x1d0 ./src/MCAL/05-SYS_TICK/SYS_TICK_program.o
 .debug_line    0x00002f59      0x21d ./src/MCAL/04-EXTI/EXTI_program.o
 .debug_line    0x00003176      0x140 ./src/MCAL/03-NVIC/NVIC_program.o
 .debug_line    0x000032b6      0x208 ./src/MCAL/02-GPIO/GPIO_program.o
 .debug_line    0x000034be      0x19f ./src/MCAL/01-RCC/RCC_program.o
 .debug_line    0x0000365d      0x26b ./src/HAL/06 -WIFI/WIFI_program.o
 .debug_line    0x000038c8      0x285 ./src/APP/main.o
 .debug_line    0x00003b4d      0x1e7 ./src/APP/parse.o

.debug_frame    0x00000000      0xdb4
 *(.debug_frame)
 .debug_frame   0x00000000       0x38 ./system/src/newlib/_exit.o
 .debug_frame   0x00000038       0x28 ./system/src/newlib/_sbrk.o
 .debug_frame   0x00000060       0x7c ./system/src/newlib/_startup.o
 .debug_frame   0x000000dc       0x50 ./system/src/newlib/_syscalls.o
 .debug_frame   0x0000012c       0x94 ./system/src/diag/Trace.o
 .debug_frame   0x000001c0       0x64 ./system/src/diag/trace_impl.o
 .debug_frame   0x00000224       0x40 ./system/src/cortexm/_initialize_hardware.o
 .debug_frame   0x00000264      0x158 ./system/src/cortexm/exception_handlers.o
 .debug_frame   0x000003bc       0x6c ./system/src/cmsis/system_stm32f10x.o
 .debug_frame   0x00000428       0x20 ./system/src/cmsis/vectors_stm32f10x.o
 .debug_frame   0x00000448       0x6c ./src/MCAL/10-FLASH/FLASH_program.o
 .debug_frame   0x000004b4       0xa0 ./src/MCAL/09-UART/UART_program.o
 .debug_frame   0x00000554       0x78 ./src/MCAL/07-DMA/DMA_program.o
 .debug_frame   0x000005cc       0xb8 ./src/MCAL/05-SYS_TICK/SYS_TICK_program.o
 .debug_frame   0x00000684      0x118 ./src/MCAL/04-EXTI/EXTI_program.o
 .debug_frame   0x0000079c       0x60 ./src/MCAL/03-NVIC/NVIC_program.o
 .debug_frame   0x000007fc       0xc0 ./src/MCAL/02-GPIO/GPIO_program.o
 .debug_frame   0x000008bc       0xa0 ./src/MCAL/01-RCC/RCC_program.o
 .debug_frame   0x0000095c       0xcc ./src/HAL/06 -WIFI/WIFI_program.o
 .debug_frame   0x00000a28       0x40 ./src/APP/main.o
 .debug_frame   0x00000a68       0x5c ./src/APP/parse.o
 .debug_frame   0x00000ac4       0x20 d:/courses/01- avr/00-tools/01-imt sdk/imt_sdk_win_64/winarm/armgcc/bin/../lib/gcc/arm-none-eabi/7.2.1/../../../../arm-none-eabi/lib/thumb/v7-m\libg_nano.a(lib_a-errno.o)
 .debug_frame   0x00000ae4       0x4c d:/courses/01- avr/00-tools/01-imt sdk/imt_sdk_win_64/winarm/armgcc/bin/../lib/gcc/arm-none-eabi/7.2.1/../../../../arm-none-eabi/lib/thumb/v7-m\libg_nano.a(lib_a-vsnprintf.o)
 .debug_frame   0x00000b30       0x90 d:/courses/01- avr/00-tools/01-imt sdk/imt_sdk_win_64/winarm/armgcc/bin/../lib/gcc/arm-none-eabi/7.2.1/../../../../arm-none-eabi/lib/thumb/v7-m\libg_nano.a(lib_a-nano-svfprintf.o)
 .debug_frame   0x00000bc0       0x60 d:/courses/01- avr/00-tools/01-imt sdk/imt_sdk_win_64/winarm/armgcc/bin/../lib/gcc/arm-none-eabi/7.2.1/../../../../arm-none-eabi/lib/thumb/v7-m\libg_nano.a(lib_a-nano-vfprintf_i.o)
 .debug_frame   0x00000c20       0x28 d:/courses/01- avr/00-tools/01-imt sdk/imt_sdk_win_64/winarm/armgcc/bin/../lib/gcc/arm-none-eabi/7.2.1/../../../../arm-none-eabi/lib/thumb/v7-m\libg_nano.a(lib_a-memchr-stub.o)
 .debug_frame   0x00000c48       0x28 d:/courses/01- avr/00-tools/01-imt sdk/imt_sdk_win_64/winarm/armgcc/bin/../lib/gcc/arm-none-eabi/7.2.1/../../../../arm-none-eabi/lib/thumb/v7-m\libg_nano.a(lib_a-memcpy-stub.o)
 .debug_frame   0x00000c70       0x28 d:/courses/01- avr/00-tools/01-imt sdk/imt_sdk_win_64/winarm/armgcc/bin/../lib/gcc/arm-none-eabi/7.2.1/../../../../arm-none-eabi/lib/thumb/v7-m\libg_nano.a(lib_a-memmove.o)
 .debug_frame   0x00000c98       0x38 d:/courses/01- avr/00-tools/01-imt sdk/imt_sdk_win_64/winarm/armgcc/bin/../lib/gcc/arm-none-eabi/7.2.1/../../../../arm-none-eabi/lib/thumb/v7-m\libg_nano.a(lib_a-nano-freer.o)
 .debug_frame   0x00000cd0       0x2c d:/courses/01- avr/00-tools/01-imt sdk/imt_sdk_win_64/winarm/armgcc/bin/../lib/gcc/arm-none-eabi/7.2.1/../../../../arm-none-eabi/lib/thumb/v7-m\libg_nano.a(lib_a-nano-mallocr.o)
 .debug_frame   0x00000cfc       0x3c d:/courses/01- avr/00-tools/01-imt sdk/imt_sdk_win_64/winarm/armgcc/bin/../lib/gcc/arm-none-eabi/7.2.1/../../../../arm-none-eabi/lib/thumb/v7-m\libg_nano.a(lib_a-nano-reallocr.o)
 .debug_frame   0x00000d38       0x2c d:/courses/01- avr/00-tools/01-imt sdk/imt_sdk_win_64/winarm/armgcc/bin/../lib/gcc/arm-none-eabi/7.2.1/../../../../arm-none-eabi/lib/thumb/v7-m\libg_nano.a(lib_a-sbrkr.o)
 .debug_frame   0x00000d64       0x30 d:/courses/01- avr/00-tools/01-imt sdk/imt_sdk_win_64/winarm/armgcc/bin/../lib/gcc/arm-none-eabi/7.2.1/../../../../arm-none-eabi/lib/thumb/v7-m\libg_nano.a(lib_a-mlock.o)
 .debug_frame   0x00000d94       0x20 d:/courses/01- avr/00-tools/01-imt sdk/imt_sdk_win_64/winarm/armgcc/bin/../lib/gcc/arm-none-eabi/7.2.1/../../../../arm-none-eabi/lib/thumb/v7-m\libg_nano.a(lib_a-nano-msizer.o)

.debug_str      0x00000000    0x58d87
 *(.debug_str)
 .debug_str     0x00000000     0x7d14 ./system/src/newlib/_exit.o
                               0x7ee7 (size before relaxing)
 .debug_str     0x00007d14      0x4f5 ./system/src/newlib/_sbrk.o
                               0x7299 (size before relaxing)
 .debug_str     0x00008209      0xbbd ./system/src/newlib/_startup.o
                               0x69d4 (size before relaxing)
 .debug_str     0x00008dc6      0xe8b ./system/src/newlib/_syscalls.o
                               0x8174 (size before relaxing)
 .debug_str     0x00009c51      0x826 ./system/src/diag/Trace.o
                               0x865f (size before relaxing)
 .debug_str     0x0000a477    0x4b2b9 ./system/src/diag/trace_impl.o
                              0x52a45 (size before relaxing)
 .debug_str     0x00055730       0xc4 ./system/src/cortexm/_initialize_hardware.o
                              0x4e836 (size before relaxing)
 .debug_str     0x000557f4      0x1a6 ./system/src/cortexm/exception_handlers.o
                              0x53c6a (size before relaxing)
 .debug_str     0x0005599a       0xd4 ./system/src/cmsis/system_stm32f10x.o
                              0x4e8d0 (size before relaxing)
 .debug_str     0x00055a6e       0x57 ./system/src/cmsis/vectors_stm32f10x.o
                               0x3875 (size before relaxing)
 .debug_str     0x00055ac5      0x38b ./src/MCAL/10-FLASH/FLASH_program.o
                               0x3133 (size before relaxing)
 .debug_str     0x00055e50      0x699 ./src/MCAL/09-UART/UART_program.o
                               0x3598 (size before relaxing)
 .debug_str     0x000564e9      0x252 ./src/MCAL/07-DMA/DMA_program.o
                               0x31a3 (size before relaxing)
 .debug_str     0x0005673b      0x2f1 ./src/MCAL/05-SYS_TICK/SYS_TICK_program.o
                               0x31e3 (size before relaxing)
 .debug_str     0x00056a2c      0x42e ./src/MCAL/04-EXTI/EXTI_program.o
                               0x3318 (size before relaxing)
 .debug_str     0x00056e5a      0x66a ./src/MCAL/03-NVIC/NVIC_program.o
                               0x3550 (size before relaxing)
 .debug_str     0x000574c4      0x5c4 ./src/MCAL/02-GPIO/GPIO_program.o
                               0x34b2 (size before relaxing)
 .debug_str     0x00057a88      0xa02 ./src/MCAL/01-RCC/RCC_program.o
                               0x38e5 (size before relaxing)
 .debug_str     0x0005848a      0x36c ./src/HAL/06 -WIFI/WIFI_program.o
                               0x32e7 (size before relaxing)
 .debug_str     0x000587f6      0x4ce ./src/APP/main.o
                               0x415c (size before relaxing)
 .debug_str     0x00058cc4       0xc3 ./src/APP/parse.o
                               0x3122 (size before relaxing)

.debug_loc      0x00000000     0x1816
 *(.debug_loc)
 .debug_loc     0x00000000       0x85 ./system/src/newlib/_sbrk.o
 .debug_loc     0x00000085      0x1a9 ./system/src/newlib/_startup.o
 .debug_loc     0x0000022e       0x63 ./system/src/newlib/_syscalls.o
 .debug_loc     0x00000291       0xf6 ./system/src/diag/Trace.o
 .debug_loc     0x00000387      0x121 ./system/src/diag/trace_impl.o
 .debug_loc     0x000004a8      0x291 ./system/src/cortexm/exception_handlers.o
 .debug_loc     0x00000739       0xdf ./system/src/cmsis/system_stm32f10x.o
 .debug_loc     0x00000818       0xe0 ./src/MCAL/10-FLASH/FLASH_program.o
 .debug_loc     0x000008f8       0x48 ./src/MCAL/09-UART/UART_program.o
 .debug_loc     0x00000940       0xd3 ./src/MCAL/07-DMA/DMA_program.o
 .debug_loc     0x00000a13       0x30 ./src/MCAL/05-SYS_TICK/SYS_TICK_program.o
 .debug_loc     0x00000a43      0x109 ./src/MCAL/04-EXTI/EXTI_program.o
 .debug_loc     0x00000b4c       0xbc ./src/MCAL/03-NVIC/NVIC_program.o
 .debug_loc     0x00000c08      0x783 ./src/MCAL/02-GPIO/GPIO_program.o
 .debug_loc     0x0000138b      0x255 ./src/MCAL/01-RCC/RCC_program.o
 .debug_loc     0x000015e0      0x10a ./src/HAL/06 -WIFI/WIFI_program.o
 .debug_loc     0x000016ea      0x12c ./src/APP/parse.o

.debug_macinfo
 *(.debug_macinfo)

.debug_weaknames
 *(.debug_weaknames)

.debug_funcnames
 *(.debug_funcnames)

.debug_typenames
 *(.debug_typenames)

.debug_varnames
 *(.debug_varnames)
OUTPUT(Bootloader_V1.2.0.elf elf32-littlearm)

.debug_ranges   0x00000000      0x4a8
 .debug_ranges  0x00000000       0x18 ./system/src/newlib/_exit.o
 .debug_ranges  0x00000018       0x10 ./system/src/newlib/_sbrk.o
 .debug_ranges  0x00000028       0x78 ./system/src/newlib/_startup.o
 .debug_ranges  0x000000a0       0x20 ./system/src/newlib/_syscalls.o
 .debug_ranges  0x000000c0       0x28 ./system/src/diag/Trace.o
 .debug_ranges  0x000000e8       0x50 ./system/src/diag/trace_impl.o
 .debug_ranges  0x00000138       0x18 ./system/src/cortexm/_initialize_hardware.o
 .debug_ranges  0x00000150       0x80 ./system/src/cortexm/exception_handlers.o
 .debug_ranges  0x000001d0       0x28 ./system/src/cmsis/system_stm32f10x.o
 .debug_ranges  0x000001f8       0x10 ./system/src/cmsis/vectors_stm32f10x.o
 .debug_ranges  0x00000208       0x28 ./src/MCAL/10-FLASH/FLASH_program.o
 .debug_ranges  0x00000230       0x48 ./src/MCAL/09-UART/UART_program.o
 .debug_ranges  0x00000278       0x28 ./src/MCAL/07-DMA/DMA_program.o
 .debug_ranges  0x000002a0       0x58 ./src/MCAL/05-SYS_TICK/SYS_TICK_program.o
 .debug_ranges  0x000002f8       0x70 ./src/MCAL/04-EXTI/EXTI_program.o
 .debug_ranges  0x00000368       0x30 ./src/MCAL/03-NVIC/NVIC_program.o
 .debug_ranges  0x00000398       0x50 ./src/MCAL/02-GPIO/GPIO_program.o
 .debug_ranges  0x000003e8       0x40 ./src/MCAL/01-RCC/RCC_program.o
 .debug_ranges  0x00000428       0x48 ./src/HAL/06 -WIFI/WIFI_program.o
 .debug_ranges  0x00000470       0x18 ./src/APP/main.o
 .debug_ranges  0x00000488       0x20 ./src/APP/parse.o

.debug_macro    0x00000000     0x328b
 .debug_macro   0x00000000      0x1b4 ./system/src/newlib/_exit.o
 .debug_macro   0x000001b4       0x9c ./system/src/newlib/_exit.o
 .debug_macro   0x00000250      0x10e ./system/src/newlib/_exit.o
 .debug_macro   0x0000035e       0x8d ./system/src/newlib/_exit.o
 .debug_macro   0x000003eb       0x43 ./system/src/newlib/_exit.o
 .debug_macro   0x0000042e      0x330 ./system/src/newlib/_exit.o
 .debug_macro   0x0000075e       0x35 ./system/src/newlib/_exit.o
 .debug_macro   0x00000793      0x169 ./system/src/newlib/_sbrk.o
 .debug_macro   0x000008fc      0x174 ./system/src/newlib/_sbrk.o
 .debug_macro   0x00000a70       0x10 ./system/src/newlib/_sbrk.o
 .debug_macro   0x00000a80      0x23b ./system/src/newlib/_sbrk.o
 .debug_macro   0x00000cbb      0x173 ./system/src/newlib/_startup.o
 .debug_macro   0x00000e2e      0x217 ./system/src/newlib/_syscalls.o
 .debug_macro   0x00001045       0x1c ./system/src/newlib/_syscalls.o
 .debug_macro   0x00001061       0x10 ./system/src/newlib/_syscalls.o
 .debug_macro   0x00001071       0x10 ./system/src/newlib/_syscalls.o
 .debug_macro   0x00001081       0x10 ./system/src/newlib/_syscalls.o
 .debug_macro   0x00001091       0x35 ./system/src/newlib/_syscalls.o
 .debug_macro   0x000010c6      0x122 ./system/src/newlib/_syscalls.o
 .debug_macro   0x000011e8       0x88 ./system/src/newlib/_syscalls.o
 .debug_macro   0x00001270       0x2b ./system/src/newlib/_syscalls.o
 .debug_macro   0x0000129b      0x118 ./system/src/newlib/_syscalls.o
 .debug_macro   0x000013b3      0x189 ./system/src/newlib/_syscalls.o
 .debug_macro   0x0000153c       0x16 ./system/src/newlib/_syscalls.o
 .debug_macro   0x00001552      0x1fb ./system/src/diag/Trace.o
 .debug_macro   0x0000174d       0x16 ./system/src/diag/Trace.o
 .debug_macro   0x00001763       0x97 ./system/src/diag/Trace.o
 .debug_macro   0x000017fa       0xfd ./system/src/diag/Trace.o
 .debug_macro   0x000018f7       0x10 ./system/src/diag/Trace.o
 .debug_macro   0x00001907       0x16 ./system/src/diag/Trace.o
 .debug_macro   0x0000191d      0x16f ./system/src/diag/Trace.o
 .debug_macro   0x00001a8c       0x4c ./system/src/diag/Trace.o
 .debug_macro   0x00001ad8       0x16 ./system/src/diag/Trace.o
 .debug_macro   0x00001aee      0x2da ./system/src/diag/trace_impl.o
 .debug_macro   0x00001dc8       0x10 ./system/src/diag/trace_impl.o
 .debug_macro   0x00001dd8       0xcf ./system/src/diag/trace_impl.o
 .debug_macro   0x00001ea7       0xbe ./system/src/diag/trace_impl.o
 .debug_macro   0x00001f65       0x22 ./system/src/diag/trace_impl.o
 .debug_macro   0x00001f87      0x16b ./system/src/cortexm/_initialize_hardware.o
 .debug_macro   0x000020f2      0x324 ./system/src/cortexm/exception_handlers.o
 .debug_macro   0x00002416       0x3b ./system/src/cortexm/exception_handlers.o
 .debug_macro   0x00002451       0x10 ./system/src/cortexm/exception_handlers.o
 .debug_macro   0x00002461      0x16e ./system/src/cmsis/system_stm32f10x.o
 .debug_macro   0x000025cf       0x34 ./system/src/cmsis/vectors_stm32f10x.o
 .debug_macro   0x00002603       0x3f ./src/MCAL/10-FLASH/FLASH_program.o
 .debug_macro   0x00002642       0x28 ./src/MCAL/10-FLASH/FLASH_program.o
 .debug_macro   0x0000266a       0x10 ./src/MCAL/10-FLASH/FLASH_program.o
 .debug_macro   0x0000267a       0x4c ./src/MCAL/10-FLASH/FLASH_program.o
 .debug_macro   0x000026c6       0x16 ./src/MCAL/10-FLASH/FLASH_program.o
 .debug_macro   0x000026dc       0x3f ./src/MCAL/09-UART/UART_program.o
 .debug_macro   0x0000271b      0x106 ./src/MCAL/09-UART/UART_program.o
 .debug_macro   0x00002821       0x7c ./src/MCAL/09-UART/UART_program.o
 .debug_macro   0x0000289d       0x40 ./src/MCAL/07-DMA/DMA_program.o
 .debug_macro   0x000028dd       0x70 ./src/MCAL/07-DMA/DMA_program.o
 .debug_macro   0x0000294d       0x3f ./src/MCAL/05-SYS_TICK/SYS_TICK_program.o
 .debug_macro   0x0000298c       0x52 ./src/MCAL/05-SYS_TICK/SYS_TICK_program.o
 .debug_macro   0x000029de       0x16 ./src/MCAL/05-SYS_TICK/SYS_TICK_program.o
 .debug_macro   0x000029f4       0x3f ./src/MCAL/04-EXTI/EXTI_program.o
 .debug_macro   0x00002a33       0x22 ./src/MCAL/04-EXTI/EXTI_program.o
 .debug_macro   0x00002a55       0x70 ./src/MCAL/04-EXTI/EXTI_program.o
 .debug_macro   0x00002ac5       0x3e ./src/MCAL/03-NVIC/NVIC_program.o
 .debug_macro   0x00002b03      0x172 ./src/MCAL/03-NVIC/NVIC_program.o
 .debug_macro   0x00002c75       0x34 ./src/MCAL/03-NVIC/NVIC_program.o
 .debug_macro   0x00002ca9       0x10 ./src/MCAL/03-NVIC/NVIC_program.o
 .debug_macro   0x00002cb9       0x3f ./src/MCAL/02-GPIO/GPIO_program.o
 .debug_macro   0x00002cf8       0xca ./src/MCAL/02-GPIO/GPIO_program.o
 .debug_macro   0x00002dc2       0x3a ./src/MCAL/02-GPIO/GPIO_program.o
 .debug_macro   0x00002dfc       0x3e ./src/MCAL/01-RCC/RCC_program.o
 .debug_macro   0x00002e3a      0x1fc ./src/MCAL/01-RCC/RCC_program.o
 .debug_macro   0x00003036       0x6a ./src/MCAL/01-RCC/RCC_program.o
 .debug_macro   0x000030a0       0x3a ./src/MCAL/01-RCC/RCC_program.o
 .debug_macro   0x000030da       0x53 ./src/HAL/06 -WIFI/WIFI_program.o
 .debug_macro   0x0000312d       0x46 ./src/HAL/06 -WIFI/WIFI_program.o
 .debug_macro   0x00003173       0x34 ./src/HAL/06 -WIFI/WIFI_program.o
 .debug_macro   0x000031a7       0x8d ./src/APP/main.o
 .debug_macro   0x00003234       0x57 ./src/APP/parse.o
