Archive member included to satisfy reference by file (symbol)

d:/courses/01- avr/00-tools/01-imt sdk/imt_sdk_win_64/winarm/armgcc/bin/../lib/gcc/arm-none-eabi/7.2.1/../../../../arm-none-eabi/lib/thumb/v7-m\libg_nano.a(lib_a-errno.o)
                              ./system/src/newlib/_sbrk.o (__errno)
d:/courses/01- avr/00-tools/01-imt sdk/imt_sdk_win_64/winarm/armgcc/bin/../lib/gcc/arm-none-eabi/7.2.1/../../../../arm-none-eabi/lib/thumb/v7-m\libg_nano.a(lib_a-impure.o)
                              d:/courses/01- avr/00-tools/01-imt sdk/imt_sdk_win_64/winarm/armgcc/bin/../lib/gcc/arm-none-eabi/7.2.1/../../../../arm-none-eabi/lib/thumb/v7-m\libg_nano.a(lib_a-errno.o) (_impure_ptr)
d:/courses/01- avr/00-tools/01-imt sdk/imt_sdk_win_64/winarm/armgcc/bin/../lib/gcc/arm-none-eabi/7.2.1/../../../../arm-none-eabi/lib/thumb/v7-m\libg_nano.a(lib_a-strlen.o)
                              ./system/src/diag/Trace.o (strlen)
d:/courses/01- avr/00-tools/01-imt sdk/imt_sdk_win_64/winarm/armgcc/bin/../lib/gcc/arm-none-eabi/7.2.1/../../../../arm-none-eabi/lib/thumb/v7-m\libg_nano.a(lib_a-vsnprintf.o)
                              ./system/src/diag/Trace.o (vsnprintf)
d:/courses/01- avr/00-tools/01-imt sdk/imt_sdk_win_64/winarm/armgcc/bin/../lib/gcc/arm-none-eabi/7.2.1/../../../../arm-none-eabi/lib/thumb/v7-m\libg_nano.a(lib_a-nano-svfprintf.o)
                              d:/courses/01- avr/00-tools/01-imt sdk/imt_sdk_win_64/winarm/armgcc/bin/../lib/gcc/arm-none-eabi/7.2.1/../../../../arm-none-eabi/lib/thumb/v7-m\libg_nano.a(lib_a-vsnprintf.o) (_svfprintf_r)
d:/courses/01- avr/00-tools/01-imt sdk/imt_sdk_win_64/winarm/armgcc/bin/../lib/gcc/arm-none-eabi/7.2.1/../../../../arm-none-eabi/lib/thumb/v7-m\libg_nano.a(lib_a-nano-vfprintf_i.o)
                              d:/courses/01- avr/00-tools/01-imt sdk/imt_sdk_win_64/winarm/armgcc/bin/../lib/gcc/arm-none-eabi/7.2.1/../../../../arm-none-eabi/lib/thumb/v7-m\libg_nano.a(lib_a-nano-svfprintf.o) (_printf_i)
d:/courses/01- avr/00-tools/01-imt sdk/imt_sdk_win_64/winarm/armgcc/bin/../lib/gcc/arm-none-eabi/7.2.1/../../../../arm-none-eabi/lib/thumb/v7-m\libg_nano.a(lib_a-memchr-stub.o)
                              d:/courses/01- avr/00-tools/01-imt sdk/imt_sdk_win_64/winarm/armgcc/bin/../lib/gcc/arm-none-eabi/7.2.1/../../../../arm-none-eabi/lib/thumb/v7-m\libg_nano.a(lib_a-nano-svfprintf.o) (memchr)
d:/courses/01- avr/00-tools/01-imt sdk/imt_sdk_win_64/winarm/armgcc/bin/../lib/gcc/arm-none-eabi/7.2.1/../../../../arm-none-eabi/lib/thumb/v7-m\libg_nano.a(lib_a-memcpy-stub.o)
                              d:/courses/01- avr/00-tools/01-imt sdk/imt_sdk_win_64/winarm/armgcc/bin/../lib/gcc/arm-none-eabi/7.2.1/../../../../arm-none-eabi/lib/thumb/v7-m\libg_nano.a(lib_a-nano-svfprintf.o) (memcpy)
d:/courses/01- avr/00-tools/01-imt sdk/imt_sdk_win_64/winarm/armgcc/bin/../lib/gcc/arm-none-eabi/7.2.1/../../../../arm-none-eabi/lib/thumb/v7-m\libg_nano.a(lib_a-memmove.o)
                              d:/courses/01- avr/00-tools/01-imt sdk/imt_sdk_win_64/winarm/armgcc/bin/../lib/gcc/arm-none-eabi/7.2.1/../../../../arm-none-eabi/lib/thumb/v7-m\libg_nano.a(lib_a-nano-svfprintf.o) (memmove)
d:/courses/01- avr/00-tools/01-imt sdk/imt_sdk_win_64/winarm/armgcc/bin/../lib/gcc/arm-none-eabi/7.2.1/../../../../arm-none-eabi/lib/thumb/v7-m\libg_nano.a(lib_a-nano-freer.o)
                              d:/courses/01- avr/00-tools/01-imt sdk/imt_sdk_win_64/winarm/armgcc/bin/../lib/gcc/arm-none-eabi/7.2.1/../../../../arm-none-eabi/lib/thumb/v7-m\libg_nano.a(lib_a-nano-svfprintf.o) (_free_r)
d:/courses/01- avr/00-tools/01-imt sdk/imt_sdk_win_64/winarm/armgcc/bin/../lib/gcc/arm-none-eabi/7.2.1/../../../../arm-none-eabi/lib/thumb/v7-m\libg_nano.a(lib_a-nano-mallocr.o)
                              d:/courses/01- avr/00-tools/01-imt sdk/imt_sdk_win_64/winarm/armgcc/bin/../lib/gcc/arm-none-eabi/7.2.1/../../../../arm-none-eabi/lib/thumb/v7-m\libg_nano.a(lib_a-nano-svfprintf.o) (_malloc_r)
d:/courses/01- avr/00-tools/01-imt sdk/imt_sdk_win_64/winarm/armgcc/bin/../lib/gcc/arm-none-eabi/7.2.1/../../../../arm-none-eabi/lib/thumb/v7-m\libg_nano.a(lib_a-nano-reallocr.o)
                              d:/courses/01- avr/00-tools/01-imt sdk/imt_sdk_win_64/winarm/armgcc/bin/../lib/gcc/arm-none-eabi/7.2.1/../../../../arm-none-eabi/lib/thumb/v7-m\libg_nano.a(lib_a-nano-svfprintf.o) (_realloc_r)
d:/courses/01- avr/00-tools/01-imt sdk/imt_sdk_win_64/winarm/armgcc/bin/../lib/gcc/arm-none-eabi/7.2.1/../../../../arm-none-eabi/lib/thumb/v7-m\libg_nano.a(lib_a-sbrkr.o)
                              d:/courses/01- avr/00-tools/01-imt sdk/imt_sdk_win_64/winarm/armgcc/bin/../lib/gcc/arm-none-eabi/7.2.1/../../../../arm-none-eabi/lib/thumb/v7-m\libg_nano.a(lib_a-nano-mallocr.o) (_sbrk_r)
d:/courses/01- avr/00-tools/01-imt sdk/imt_sdk_win_64/winarm/armgcc/bin/../lib/gcc/arm-none-eabi/7.2.1/../../../../arm-none-eabi/lib/thumb/v7-m\libg_nano.a(lib_a-mlock.o)
[...]
Memory Configuration

Name             Origin             Length             Attributes
RAM              0x20000000         0x00005000         xrw
CCMRAM           0x00000000         0x00000000         xrw
FLASH            0x08002000         0x0000e000         xr
FLASHB1          0x00000000         0x00000000         xr
EXTMEMB0         0x00000000         0x00000000         xr
EXTMEMB1         0x00000000         0x00000000         xr
EXTMEMB2         0x00000000         0x00000000         xr
EXTMEMB3         0x00000000         0x00000000         xr
MEMORY_ARRAY     0x00000000         0x00000000         xrw
*default*        0x00000000         0xffffffff

Linker script and memory map

LOAD ./system/src/stm32f1-stdperiph/misc.o
LOAD ./system/src/stm32f1-stdperiph/stm32f10x_gpio.o
LOAD ./system/src/stm32f1-stdperiph/stm32f10x_rcc.o
LOAD ./system/src/newlib/_cxx.o
LOAD ./system/src/newlib/_exit.o
LOAD ./system/src/newlib/_sbrk.o
LOAD ./system/src/newlib/_startup.o
LOAD ./system/src/newlib/_syscalls.o
LOAD ./system/src/newlib/assert.o
LOAD ./system/src/diag/Trace.o
LOAD ./system/src/diag/trace_impl.o
LOAD ./system/src/cortexm/_initialize_hardware.o
LOAD ./system/src/cortexm/_reset_hardware.o
LOAD ./system/src/cortexm/exception_handlers.o
LOAD ./system/src/cmsis/system_stm32f10x.o
LOAD ./system/src/cmsis/vectors_stm32f10x.o
LOAD ./src/DELAY_PROG.o
LOAD ./src/GPIO.o
LOAD ./src/NVIC_PROG.o
LOAD ./src/RCC_PROG.o
LOAD ./src/SPI_PROG.o
LOAD ./src/SYSTICK_PROG.o
LOAD ./src/TFT_PROG.o
LOAD ./src/main.o
LOAD d:/courses/01- avr/00-tools/01-imt sdk/imt_sdk_win_64/winarm/armgcc/bin/../lib/gcc/arm-none-eabi/7.2.1/../../../../arm-none-eabi/lib/thumb/v7-m\libstdc++_nano.a
LOAD d:/courses/01- avr/00-tools/01-imt sdk/imt_sdk_win_64/winarm/armgcc/bin/../lib/gcc/arm-none-eabi/7.2.1/../../../../arm-none-eabi/lib/thumb/v7-m\libm.a
START GROUP
LOAD d:/courses/01- avr/00-tools/01-imt sdk/imt_sdk_win_64/winarm/armgcc/bin/../lib/gcc/arm-none-eabi/7.2.1/thumb/v7-m\libgcc.a
LOAD d:/courses/01- avr/00-tools/01-imt sdk/imt_sdk_win_64/winarm/armgcc/bin/../lib/gcc/arm-none-eabi/7.2.1/../../../../arm-none-eabi/lib/thumb/v7-m\libg_nano.a
LOAD d:/courses/01- avr/00-tools/01-imt sdk/imt_sdk_win_64/winarm/armgcc/bin/../lib/gcc/arm-none-eabi/7.2.1/../../../../arm-none-eabi/lib/thumb/v7-m\libc_nano.a
END GROUP
START GROUP
LOAD d:/courses/01- avr/00-tools/01-imt sdk/imt_sdk_win_64/winarm/armgcc/bin/../lib/gcc/arm-none-eabi/7.2.1/thumb/v7-m\libgcc.a
LOAD d:/courses/01- avr/00-tools/01-imt sdk/imt_sdk_win_64/winarm/armgcc/bin/../lib/gcc/arm-none-eabi/7.2.1/../../../../arm-none-eabi/lib/thumb/v7-m\libc_nano.a
END GROUP
                0x20005000                __stack = (ORIGIN (RAM) + LENGTH (RAM))
                0x20005000                _estack = __stack
                0x00000400                __Main_Stack_Size = 0x400
                [!provide]                PROVIDE (_Main_Stack_Size, __Main_Stack_Size)
                0x20004c00                __Main_Stack_Limit = (__stack - __Main_Stack_Size)
                [!provide]                PROVIDE (_Main_Stack_Limit, __Main_Stack_Limit)
                0x00000100                _Minimum_Stack_Size = 0x100
                0x2000012c                PROVIDE (_Heap_Begin, _end_noinit)
                0x20004c00                PROVIDE (_Heap_Limit, (__stack - __Main_Stack_Size))

.isr_vector     0x08002000      0x350
 FILL mask 0xff
                0x08002000                __vectors_start = ABSOLUTE (.)
                0x08002000                __vectors_start__ = ABSOLUTE (.)
 *(.isr_vector)
 .isr_vector    0x08002000      0x10c ./system/src/cmsis/vectors_stm32f10x.o
                0x08002000                __isr_vectors
 *(.cfmconfig)
 *(.after_vectors .after_vectors.*)
 .after_vectors
                0x0800210c      0x114 ./system/src/newlib/_startup.o
                0x0800210c                _start
 .after_vectors
                0x08002220      0x12c ./system/src/cortexm/exception_handlers.o
                0x08002220                Reset_Handler
                0x08002226                NMI_Handler
                0x0800222a                HardFault_Handler
                0x0800223e                HardFault_Handler_C
                0x0800229c                MemManage_Handler
                0x080022a0                BusFault_Handler
                0x080022b4                BusFault_Handler_C
                0x080022e8                UsageFault_Handler
                0x080022fc                UsageFault_Handler_C
                0x08002330                SVC_Handler
                0x08002334                DebugMon_Handler
                0x08002338                PendSV_Handler
 .after_vectors
                0x0800234c        0x4 ./system/src/cmsis/vectors_stm32f10x.o
                0x0800234c                EXTI2_IRQHandler
                0x0800234c                TIM8_TRG_COM_IRQHandler
                0x0800234c                TIM8_CC_IRQHandler
                0x0800234c                TIM1_CC_IRQHandler
                0x0800234c                TIM6_IRQHandler
                0x0800234c                PVD_IRQHandler
                0x0800234c                SDIO_IRQHandler
                0x0800234c                CAN2_RX1_IRQHandler
                0x0800234c                EXTI3_IRQHandler
                0x0800234c                TIM8_TRG_COM_TIM14_IRQHandler
                0x0800234c                TIM1_UP_TIM10_IRQHandler
                0x0800234c                TIM8_UP_TIM13_IRQHandler
                0x0800234c                EXTI0_IRQHandler
                0x0800234c                I2C2_EV_IRQHandler
                0x0800234c                CAN1_RX0_IRQHandler
                0x0800234c                TIM1_UP_TIM16_IRQHandler
                0x0800234c                CAN2_SCE_IRQHandler
                0x0800234c                ADC1_2_IRQHandler
                0x0800234c                TAMPER_IRQHandler
                0x0800234c                TIM6_DAC_IRQHandler
                0x0800234c                TIM1_BRK_TIM9_IRQHandler
                0x0800234c                CAN2_RX0_IRQHandler
                0x0800234c                TIM8_UP_IRQHandler
                0x0800234c                DMA2_Channel2_IRQHandler
                0x0800234c                DMA1_Channel4_IRQHandler
                0x0800234c                USART3_IRQHandler
                0x0800234c                RTC_IRQHandler
                0x0800234c                DMA1_Channel7_IRQHandler
                0x0800234c                CAN1_RX1_IRQHandler
                0x0800234c                UART5_IRQHandler
                0x0800234c                ADC3_IRQHandler
                0x0800234c                TIM4_IRQHandler
                0x0800234c                DMA2_Channel1_IRQHandler
                0x0800234c                I2C1_EV_IRQHandler
                0x0800234c                DMA1_Channel6_IRQHandler
                0x0800234c                UART4_IRQHandler
                0x0800234c                DMA2_Channel4_IRQHandler
                0x0800234c                TIM3_IRQHandler
                0x0800234c                RCC_IRQHandler
                0x0800234c                TIM8_BRK_TIM12_IRQHandler
                0x0800234c                TIM1_TRG_COM_IRQHandler
                0x0800234c                DMA1_Channel1_IRQHandler
                0x0800234c                Default_Handler
                0x0800234c                CEC_IRQHandler
                0x0800234c                EXTI15_10_IRQHandler
                0x0800234c                TIM14_IRQHandler
                0x0800234c                TIM13_IRQHandler
                0x0800234c                TIM12_IRQHandler
                0x0800234c                TIM7_IRQHandler
                0x0800234c                CAN2_TX_IRQHandler
                0x0800234c                TIM5_IRQHandler
                0x0800234c                EXTI9_5_IRQHandler
                0x0800234c                ETH_WKUP_IRQHandler
                0x0800234c                SPI2_IRQHandler
                0x0800234c                CAN1_TX_IRQHandler
                0x0800234c                DMA2_Channel5_IRQHandler
                0x0800234c                DMA1_Channel5_IRQHandler
                0x0800234c                EXTI4_IRQHandler
                0x0800234c                USB_LP_CAN1_RX0_IRQHandler
                0x0800234c                TIM1_TRG_COM_TIM17_IRQHandler
                0x0800234c                USB_HP_CAN1_TX_IRQHandler
                0x0800234c                DMA1_Channel3_IRQHandler
                0x0800234c                FSMC_IRQHandler
                0x0800234c                ETH_IRQHandler
                0x0800234c                TIM1_UP_IRQHandler
                0x0800234c                WWDG_IRQHandler
                0x0800234c                TIM2_IRQHandler
                0x0800234c                OTG_FS_WKUP_IRQHandler
                0x0800234c                TIM1_TRG_COM_TIM11_IRQHandler
                0x0800234c                TIM1_BRK_IRQHandler
                0x0800234c                EXTI1_IRQHandler
                0x0800234c                RTCAlarm_IRQHandler
                0x0800234c                DMA2_Channel4_5_IRQHandler
                0x0800234c                USART2_IRQHandler
                0x0800234c                I2C2_ER_IRQHandler
                0x0800234c                DMA1_Channel2_IRQHandler
                0x0800234c                TIM8_BRK_IRQHandler
                0x0800234c                CAN1_SCE_IRQHandler
                0x0800234c                FLASH_IRQHandler
                0x0800234c                USART1_IRQHandler
                0x0800234c                OTG_FS_IRQHandler
                0x0800234c                SPI3_IRQHandler
                0x0800234c                I2C1_ER_IRQHandler
                0x0800234c                USBWakeUp_IRQHandler
                0x0800234c                DMA2_Channel3_IRQHandler
                0x0800234c                TIM1_BRK_TIM15_IRQHandler

.inits          0x08002350       0x28
                0x08002350                __data_regions_array_start = .
                0x08002350        0x4 LONG 0x8003590 LOADADDR (.data)
                0x08002354        0x4 LONG 0x20000000 ADDR (.data)
                0x08002358        0x4 LONG 0x20000088 (ADDR (.data) + SIZEOF (.data))
                0x0800235c        0x4 LONG 0x8003590 LOADADDR (.data_CCMRAM)
                0x08002360        0x4 LONG 0x0 ADDR (.data_CCMRAM)
                0x08002364        0x4 LONG 0x0 (ADDR (.data_CCMRAM) + SIZEOF (.data_CCMRAM))
                0x08002368                __data_regions_array_end = .
                0x08002368                __bss_regions_array_start = .
                0x08002368        0x4 LONG 0x20000088 ADDR (.bss)
                0x0800236c        0x4 LONG 0x2000012c (ADDR (.bss) + SIZEOF (.bss))
                0x08002370        0x4 LONG 0x0 ADDR (.bss_CCMRAM)
                0x08002374        0x4 LONG 0x0 (ADDR (.bss_CCMRAM) + SIZEOF (.bss_CCMRAM))
                0x08002378                __bss_regions_array_end = .
 *(.init)
 *(.fini)
                0x08002378                . = ALIGN (0x4)
                0x08002378                PROVIDE (__preinit_array_start, .)
 *(.preinit_array_sysinit .preinit_array_sysinit.*)
 *(.preinit_array_platform .preinit_array_platform.*)
 *(.preinit_array .preinit_array.*)
                0x08002378                PROVIDE (__preinit_array_end, .)
                0x08002378                . = ALIGN (0x4)
                0x08002378                PROVIDE (__init_array_start, .)
 *(SORT_BY_NAME(.init_array.*))
 *(.init_array)
                0x08002378                PROVIDE (__init_array_end, .)
                0x08002378                . = ALIGN (0x4)
                0x08002378                PROVIDE (__fini_array_start, .)
 *(SORT_BY_NAME(.fini_array.*))
 *(.fini_array)
                0x08002378                PROVIDE (__fini_array_end, .)

.flashtext
 *(.flashtext .flashtext.*)

.text           0x08002378     0x1217
 *(.text .text.*)
 .text._exit    0x08002378        0x2 ./system/src/newlib/_exit.o
                0x08002378                _exit
 *fill*         0x0800237a        0x2 
 .text._sbrk    0x0800237c       0x44 ./system/src/newlib/_sbrk.o
                0x0800237c                _sbrk
 .text.__initialize_args
                0x080023c0       0x10 ./system/src/newlib/_syscalls.o
                0x080023c0                __initialize_args
 .text.trace_printf
                0x080023d0       0x30 ./system/src/diag/Trace.o
                0x080023d0                trace_printf
 .text._trace_write_semihosting_debug
                0x08002400       0x60 ./system/src/diag/trace_impl.o
 .text.trace_write
                0x08002460        0x8 ./system/src/diag/trace_impl.o
                0x08002460                trace_write
 .text.__initialize_hardware_early
                0x08002468       0x18 ./system/src/cortexm/_initialize_hardware.o
                0x08002468                __initialize_hardware_early
 .text.__initialize_hardware
                0x08002480        0x8 ./system/src/cortexm/_initialize_hardware.o
                0x08002480                __initialize_hardware
 .text.dumpExceptionStack
                0x08002488       0xf4 ./system/src/cortexm/exception_handlers.o
                0x08002488                dumpExceptionStack
 .text.isSemihosting
                0x0800257c       0x20 ./system/src/cortexm/exception_handlers.o
                0x0800257c                isSemihosting
 .text.SetSysClockTo72
                0x0800259c       0xc4 ./system/src/cmsis/system_stm32f10x.o
 .text.SetSysClock
                0x08002660        0x8 ./system/src/cmsis/system_stm32f10x.o
 .text.SystemInit
                0x08002668       0x50 ./system/src/cmsis/system_stm32f10x.o
                0x08002668                SystemInit
 .text.SystemCoreClockUpdate
                0x080026b8       0x94 ./system/src/cmsis/system_stm32f10x.o
                0x080026b8                SystemCoreClockUpdate
 .text._delay_us
                0x0800274c       0x1e ./src/DELAY_PROG.o
                0x0800274c                _delay_us
 *fill*         0x0800276a        0x2 
 .text.MGPIO_VidSetPinDirection
                0x0800276c       0xf0 ./src/GPIO.o
                0x0800276c                MGPIO_VidSetPinDirection
 .text.MGPIO_VidSetPinValue
                0x0800285c       0x8c ./src/GPIO.o
                0x0800285c                MGPIO_VidSetPinValue
 .text.MRCC_VidInit
                0x080028e8       0x44 ./src/RCC_PROG.o
                0x080028e8                MRCC_VidInit
 .text.MRCC_VidEnablePeripheralClock
                0x0800292c       0x40 ./src/RCC_PROG.o
                0x0800292c                MRCC_VidEnablePeripheralClock
 .text.MSPI_VidInit
                0x0800296c       0x58 ./src/SPI_PROG.o
                0x0800296c                MSPI_VidInit
 .text.MSPI1_VidSendDataU8
                0x080029c4       0x1c ./src/SPI_PROG.o
                0x080029c4                MSPI1_VidSendDataU8
 .text.SPI1_IRQHandler
                0x080029e0       0x10 ./src/SPI_PROG.o
                0x080029e0                SPI1_IRQHandler
 .text.SysTick_Handler
                0x080029f0       0x10 ./src/SYSTICK_PROG.o
                0x080029f0                SysTick_Handler
 .text.MSTK_VidInit
                0x08002a00        0xc ./src/SYSTICK_PROG.o
                0x08002a00                MSTK_VidInit
 .text.MSTK_VidStart
                0x08002a0c       0x18 ./src/SYSTICK_PROG.o
                0x08002a0c                MSTK_VidStart
 .text.MSTK_VidINTStatus
                0x08002a24       0x18 ./src/SYSTICK_PROG.o
                0x08002a24                MSTK_VidINTStatus
 .text.MSTK_u8ReadFlag
                0x08002a3c       0x10 ./src/SYSTICK_PROG.o
                0x08002a3c                MSTK_u8ReadFlag
 .text.WriteCommand
                0x08002a4c       0x16 ./src/TFT_PROG.o
 .text.WriteData
                0x08002a62       0x16 ./src/TFT_PROG.o
 .text.TFT_VidInit
                0x08002a78       0x60 ./src/TFT_PROG.o
                0x08002a78                TFT_VidInit
 .text.TFT_VidFillColor
                0x08002ad8       0x60 ./src/TFT_PROG.o
                0x08002ad8                TFT_VidFillColor
 .text.main     0x08002b38       0x7a ./src/main.o
                0x08002b38                main
 *fill*         0x08002bb2        0x2 
 .text.__errno  0x08002bb4        0xc d:/courses/01- avr/00-tools/01-imt sdk/imt_sdk_win_64/winarm/armgcc/bin/../lib/gcc/arm-none-eabi/7.2.1/../../../../arm-none-eabi/lib/thumb/v7-m\libg_nano.a(lib_a-errno.o)
                0x08002bb4                __errno
 .text._vsnprintf_r
                0x08002bc0       0x58 d:/courses/01- avr/00-tools/01-imt sdk/imt_sdk_win_64/winarm/armgcc/bin/../lib/gcc/arm-none-eabi/7.2.1/../../../../arm-none-eabi/lib/thumb/v7-m\libg_nano.a(lib_a-vsnprintf.o)
                0x08002bc0                _vsniprintf_r
                0x08002bc0                _vsnprintf_r
 .text.vsnprintf
                0x08002c18       0x1c d:/courses/01- avr/00-tools/01-imt sdk/imt_sdk_win_64/winarm/armgcc/bin/../lib/gcc/arm-none-eabi/7.2.1/../../../../arm-none-eabi/lib/thumb/v7-m\libg_nano.a(lib_a-vsnprintf.o)
                0x08002c18                vsniprintf
                0x08002c18                vsnprintf
 .text.__ssputs_r
                0x08002c34       0xb4 d:/courses/01- avr/00-tools/01-imt sdk/imt_sdk_win_64/winarm/armgcc/bin/../lib/gcc/arm-none-eabi/7.2.1/../../../../arm-none-eabi/lib/thumb/v7-m\libg_nano.a(lib_a-nano-svfprintf.o)
                0x08002c34                __ssputs_r
 .text._svfprintf_r
                0x08002ce8      0x1ec d:/courses/01- avr/00-tools/01-imt sdk/imt_sdk_win_64/winarm/armgcc/bin/../lib/gcc/arm-none-eabi/7.2.1/../../../../arm-none-eabi/lib/thumb/v7-m\libg_nano.a(lib_a-nano-svfprintf.o)
                0x08002ce8                _svfiprintf_r
                0x08002ce8                _svfprintf_r
 .text._printf_common
                0x08002ed4       0xec d:/courses/01- avr/00-tools/01-imt sdk/imt_sdk_win_64/winarm/armgcc/bin/../lib/gcc/arm-none-eabi/7.2.1/../../../../arm-none-eabi/lib/thumb/v7-m\libg_nano.a(lib_a-nano-vfprintf_i.o)
                0x08002ed4                _printf_common
 .text._printf_i
                0x08002fc0      0x224 d:/courses/01- avr/00-tools/01-imt sdk/imt_sdk_win_64/winarm/armgcc/bin/../lib/gcc/arm-none-eabi/7.2.1/../../../../arm-none-eabi/lib/thumb/v7-m\libg_nano.a(lib_a-nano-vfprintf_i.o)
                0x08002fc0                _printf_i
 .text.memchr   0x080031e4       0x1c d:/courses/01- avr/00-tools/01-imt sdk/imt_sdk_win_64/winarm/armgcc/bin/../lib/gcc/arm-none-eabi/7.2.1/../../../../arm-none-eabi/lib/thumb/v7-m\libg_nano.a(lib_a-memchr-stub.o)
                0x080031e4                memchr
 .text.memcpy   0x08003200       0x16 d:/courses/01- avr/00-tools/01-imt sdk/imt_sdk_win_64/winarm/armgcc/bin/../lib/gcc/arm-none-eabi/7.2.1/../../../../arm-none-eabi/lib/thumb/v7-m\libg_nano.a(lib_a-memcpy-stub.o)
                0x08003200                memcpy
 .text.memmove  0x08003216       0x32 d:/courses/01- avr/00-tools/01-imt sdk/imt_sdk_win_64/winarm/armgcc/bin/../lib/gcc/arm-none-eabi/7.2.1/../../../../arm-none-eabi/lib/thumb/v7-m\libg_nano.a(lib_a-memmove.o)
                0x08003216                memmove
 .text._free_r  0x08003248       0x98 d:/courses/01- avr/00-tools/01-imt sdk/imt_sdk_win_64/winarm/armgcc/bin/../lib/gcc/arm-none-eabi/7.2.1/../../../../arm-none-eabi/lib/thumb/v7-m\libg_nano.a(lib_a-nano-freer.o)
                0x08003248                _free_r
 .text._malloc_r
                0x080032e0       0xb4 d:/courses/01- avr/00-tools/01-imt sdk/imt_sdk_win_64/winarm/armgcc/bin/../lib/gcc/arm-none-eabi/7.2.1/../../../../arm-none-eabi/lib/thumb/v7-m\libg_nano.a(lib_a-nano-mallocr.o)
                0x080032e0                _malloc_r
 .text._realloc_r
                0x08003394       0x4c d:/courses/01- avr/00-tools/01-imt sdk/imt_sdk_win_64/winarm/armgcc/bin/../lib/gcc/arm-none-eabi/7.2.1/../../../../arm-none-eabi/lib/thumb/v7-m\libg_nano.a(lib_a-nano-reallocr.o)
                0x08003394                _realloc_r
 .text._sbrk_r  0x080033e0       0x20 d:/courses/01- avr/00-tools/01-imt sdk/imt_sdk_win_64/winarm/armgcc/bin/../lib/gcc/arm-none-eabi/7.2.1/../../../../arm-none-eabi/lib/thumb/v7-m\libg_nano.a(lib_a-sbrkr.o)
                0x080033e0                _sbrk_r
 .text.__malloc_lock
                0x08003400        0x2 d:/courses/01- avr/00-tools/01-imt sdk/imt_sdk_win_64/winarm/armgcc/bin/../lib/gcc/arm-none-eabi/7.2.1/../../../../arm-none-eabi/lib/thumb/v7-m\libg_nano.a(lib_a-mlock.o)
                0x08003400                __malloc_lock
 .text.__malloc_unlock
                0x08003402        0x2 d:/courses/01- avr/00-tools/01-imt sdk/imt_sdk_win_64/winarm/armgcc/bin/../lib/gcc/arm-none-eabi/7.2.1/../../../../arm-none-eabi/lib/thumb/v7-m\libg_nano.a(lib_a-mlock.o)
                0x08003402                __malloc_unlock
 .text._malloc_usable_size_r
                0x08003404       0x10 d:/courses/01- avr/00-tools/01-imt sdk/imt_sdk_win_64/winarm/armgcc/bin/../lib/gcc/arm-none-eabi/7.2.1/../../../../arm-none-eabi/lib/thumb/v7-m\libg_nano.a(lib_a-nano-msizer.o)
                0x08003404                _malloc_usable_size_r
 *(.rodata .rodata.* .constdata .constdata.*)
 .rodata.dumpExceptionStack.str1.4
                0x08003414      0x11a ./system/src/cortexm/exception_handlers.o
 *fill*         0x0800352e        0x2 
 .rodata.str1.4
                0x08003530       0x2c ./system/src/cortexm/exception_handlers.o
                                 0x2a (size before relaxing)
 .rodata._svfprintf_r.str1.1
                0x0800355c       0x11 d:/courses/01- avr/00-tools/01-imt sdk/imt_sdk_win_64/winarm/armgcc/bin/../lib/gcc/arm-none-eabi/7.2.1/../../../../arm-none-eabi/lib/thumb/v7-m\libg_nano.a(lib_a-nano-svfprintf.o)
 .rodata._printf_i.str1.1
                0x0800356d       0x22 d:/courses/01- avr/00-tools/01-imt sdk/imt_sdk_win_64/winarm/armgcc/bin/../lib/gcc/arm-none-eabi/7.2.1/../../../../arm-none-eabi/lib/thumb/v7-m\libg_nano.a(lib_a-nano-vfprintf_i.o)
 *(vtable)
 *(.eh_frame*)
 *(.glue_7)
 .glue_7        0x0800358f        0x0 linker stubs
 *(.glue_7t)
 .glue_7t       0x0800358f        0x0 linker stubs

.vfp11_veneer   0x08003590        0x0
 .vfp11_veneer  0x08003590        0x0 linker stubs

.v4_bx          0x08003590        0x0
 .v4_bx         0x08003590        0x0 linker stubs

.iplt           0x08003590        0x0
 .iplt          0x08003590        0x0 ./system/src/newlib/_exit.o

.rel.dyn        0x08003590        0x0
 .rel.iplt      0x08003590        0x0 ./system/src/newlib/_exit.o

.ARM.extab
 *(.ARM.extab* .gnu.linkonce.armextab.*)
                0x08003590                . = ALIGN (0x4)
                0x08003590                __exidx_start = .

.ARM.exidx
 *(.ARM.exidx* .gnu.linkonce.armexidx.*)
                0x08003590                __exidx_end = .
                0x08003590                . = ALIGN (0x4)
                0x08003590                _etext = .
                0x08003590                __etext = .

.data_CCMRAM    0x00000000        0x0 load address 0x08003590
 FILL mask 0xff
 *(.data.CCMRAM .data.CCMRAM.*)
                0x00000000                . = ALIGN (0x4)
                0x08003590                _sidata = LOADADDR (.data)

.data           0x20000000       0x88 load address 0x08003590
 FILL mask 0xff
                0x20000000                _sdata = .
                0x20000000                __data_start__ = .
 *(.data_begin .data_begin.*)
 .data_begin    0x20000000        0x4 ./system/src/newlib/_startup.o
 *(.data .data.*)
 .data.argv.4310
                0x20000004        0x8 ./system/src/newlib/_syscalls.o
 .data.AHBPrescTable
                0x2000000c       0x10 ./system/src/cmsis/system_stm32f10x.o
                0x2000000c                AHBPrescTable
 .data.SystemCoreClock
                0x2000001c        0x4 ./system/src/cmsis/system_stm32f10x.o
                0x2000001c                SystemCoreClock
 .data._impure_ptr
                0x20000020        0x4 d:/courses/01- avr/00-tools/01-imt sdk/imt_sdk_win_64/winarm/armgcc/bin/../lib/gcc/arm-none-eabi/7.2.1/../../../../arm-none-eabi/lib/thumb/v7-m\libg_nano.a(lib_a-impure.o)
                0x20000020                _impure_ptr
 .data.impure_data
                0x20000024       0x60 d:/courses/01- avr/00-tools/01-imt sdk/imt_sdk_win_64/winarm/armgcc/bin/../lib/gcc/arm-none-eabi/7.2.1/../../../../arm-none-eabi/lib/thumb/v7-m\libg_nano.a(lib_a-impure.o)
 *(.data_end .data_end.*)
 .data_end      0x20000084        0x4 ./system/src/newlib/_startup.o
                0x20000088                . = ALIGN (0x4)
                0x20000088                _edata = .
                0x20000088                __data_end__ = .

.igot.plt       0x20000088        0x0 load address 0x08003618
 .igot.plt      0x20000088        0x0 ./system/src/newlib/_exit.o

.bss_CCMRAM     0x00000000        0x0
 *(.bss.CCMRAM .bss.CCMRAM.*)

.bss            0x20000088       0xa4
                0x20000088                __bss_start__ = .
                0x20000088                _sbss = .
 *(.bss_begin .bss_begin.*)
 .bss_begin     0x20000088        0x4 ./system/src/newlib/_startup.o
 *(.bss .bss.*)
 .bss.current_heap_end.3961
                0x2000008c        0x4 ./system/src/newlib/_sbrk.o
 .bss.name.4309
                0x20000090        0x1 ./system/src/newlib/_syscalls.o
 *fill*         0x20000091        0x3 
 .bss.buf.5205  0x20000094       0x80 ./system/src/diag/Trace.o
 .bss.__malloc_free_list
                0x20000114        0x4 d:/courses/01- avr/00-tools/01-imt sdk/imt_sdk_win_64/winarm/armgcc/bin/../lib/gcc/arm-none-eabi/7.2.1/../../../../arm-none-eabi/lib/thumb/v7-m\libg_nano.a(lib_a-nano-mallocr.o)
                0x20000114                __malloc_free_list
 .bss.__malloc_sbrk_start
                0x20000118        0x4 d:/courses/01- avr/00-tools/01-imt sdk/imt_sdk_win_64/winarm/armgcc/bin/../lib/gcc/arm-none-eabi/7.2.1/../../../../arm-none-eabi/lib/thumb/v7-m\libg_nano.a(lib_a-nano-mallocr.o)
                0x20000118                __malloc_sbrk_start
 *(COMMON)
 COMMON         0x2000011c        0x4 ./system/src/newlib/_syscalls.o
                0x2000011c                errno
 COMMON         0x20000120        0x4 ./src/SPI_PROG.o
                0x20000120                MSPI1_CallBack
 COMMON         0x20000124        0x4 ./src/SYSTICK_PROG.o
                0x20000124                MSTK_CallBack
 *(.bss_end .bss_end.*)
 .bss_end       0x20000128        0x4 ./system/src/newlib/_startup.o
                0x2000012c                . = ALIGN (0x4)
                0x2000012c                __bss_end__ = .
                0x2000012c                _ebss = .

.noinit_CCMRAM
 *(.noinit.CCMRAM .noinit.CCMRAM.*)

.noinit         0x2000012c        0x0
                0x2000012c                _noinit = .
 *(.noinit .noinit.*)
                0x2000012c                . = ALIGN (0x4)
                0x2000012c                _end_noinit = .
                [!provide]                PROVIDE (end, _end_noinit)
                [!provide]                PROVIDE (_end, _end_noinit)
                [!provide]                PROVIDE (__end, _end_noinit)
                [!provide]                PROVIDE (__end__, _end_noinit)

._check_stack   0x2000012c      0x100
                0x2000022c                . = (. + _Minimum_Stack_Size)
 *fill*         0x2000012c      0x100 

.b1text
 *(.b1text)
 *(.b1rodata)
 *(.b1rodata.*)

.eb0text
 *(.eb0text)
 *(.eb0rodata)
 *(.eb0rodata.*)

.eb1text
 *(.eb1text)
 *(.eb1rodata)
 *(.eb1rodata.*)

.eb2text
 *(.eb2text)
 *(.eb2rodata)
 *(.eb2rodata.*)

.eb3text
 *(.eb3text)
 *(.eb3rodata)
 *(.eb3rodata.*)

.stab
 *(.stab)

.stabstr
 *(.stabstr)

.stab.excl
 *(.stab.excl)

.stab.exclstr
 *(.stab.exclstr)

.stab.index
 *(.stab.index)

.stab.indexstr
 *(.stab.indexstr)

.comment        0x00000000       0x7e
 *(.comment)
 .comment       0x00000000       0x7e ./system/src/newlib/_exit.o
                                 0x7f (size before relaxing)
 .comment       0x0000007e       0x7f ./system/src/newlib/_sbrk.o
 .comment       0x0000007e       0x7f ./system/src/newlib/_startup.o
 .comment       0x0000007e       0x7f ./system/src/newlib/_syscalls.o
 .comment       0x0000007e       0x7f ./system/src/diag/Trace.o
 .comment       0x0000007e       0x7f ./system/src/diag/trace_impl.o
 .comment       0x0000007e       0x7f ./system/src/cortexm/_initialize_hardware.o
 .comment       0x0000007e       0x7f ./system/src/cortexm/exception_handlers.o
 .comment       0x0000007e       0x7f ./system/src/cmsis/system_stm32f10x.o
 .comment       0x0000007e       0x7f ./system/src/cmsis/vectors_stm32f10x.o
 .comment       0x0000007e       0x7f ./src/DELAY_PROG.o
 .comment       0x0000007e       0x7f ./src/GPIO.o
 .comment       0x0000007e       0x7f ./src/RCC_PROG.o
 .comment       0x0000007e       0x7f ./src/SPI_PROG.o
 .comment       0x0000007e       0x7f ./src/SYSTICK_PROG.o
 .comment       0x0000007e       0x7f ./src/TFT_PROG.o
 .comment       0x0000007e       0x7f ./src/main.o

.ARM.attributes
                0x00000000       0x31
 .ARM.attributes
                0x00000000       0x33 ./system/src/newlib/_exit.o
 .ARM.attributes
                0x00000033       0x33 ./system/src/newlib/_sbrk.o
 .ARM.attributes
                0x00000066       0x33 ./system/src/newlib/_startup.o
 .ARM.attributes
                0x00000099       0x33 ./system/src/newlib/_syscalls.o
 .ARM.attributes
                0x000000cc       0x33 ./system/src/diag/Trace.o
 .ARM.attributes
                0x000000ff       0x33 ./system/src/diag/trace_impl.o
 .ARM.attributes
                0x00000132       0x33 ./system/src/cortexm/_initialize_hardware.o
 .ARM.attributes
                0x00000165       0x33 ./system/src/cortexm/exception_handlers.o
 .ARM.attributes
                0x00000198       0x33 ./system/src/cmsis/system_stm32f10x.o
 .ARM.attributes
                0x000001cb       0x33 ./system/src/cmsis/vectors_stm32f10x.o
 .ARM.attributes
                0x000001fe       0x33 ./src/DELAY_PROG.o
 .ARM.attributes
                0x00000231       0x33 ./src/GPIO.o
 .ARM.attributes
                0x00000264       0x33 ./src/RCC_PROG.o
 .ARM.attributes
                0x00000297       0x33 ./src/SPI_PROG.o
 .ARM.attributes
                0x000002ca       0x33 ./src/SYSTICK_PROG.o
 .ARM.attributes
                0x000002fd       0x33 ./src/TFT_PROG.o
 .ARM.attributes
                0x00000330       0x33 ./src/main.o
 .ARM.attributes
                0x00000363       0x2d d:/courses/01- avr/00-tools/01-imt sdk/imt_sdk_win_64/winarm/armgcc/bin/../lib/gcc/arm-none-eabi/7.2.1/../../../../arm-none-eabi/lib/thumb/v7-m\libg_nano.a(lib_a-errno.o)
 .ARM.attributes
                0x00000390       0x2d d:/courses/01- avr/00-tools/01-imt sdk/imt_sdk_win_64/winarm/armgcc/bin/../lib/gcc/arm-none-eabi/7.2.1/../../../../arm-none-eabi/lib/thumb/v7-m\libg_nano.a(lib_a-impure.o)
 .ARM.attributes
                0x000003bd       0x2d d:/courses/01- avr/00-tools/01-imt sdk/imt_sdk_win_64/winarm/armgcc/bin/../lib/gcc/arm-none-eabi/7.2.1/../../../../arm-none-eabi/lib/thumb/v7-m\libg_nano.a(lib_a-vsnprintf.o)
 .ARM.attributes
                0x000003ea       0x2d d:/courses/01- avr/00-tools/01-imt sdk/imt_sdk_win_64/winarm/armgcc/bin/../lib/gcc/arm-none-eabi/7.2.1/../../../../arm-none-eabi/lib/thumb/v7-m\libg_nano.a(lib_a-nano-svfprintf.o)
 .ARM.attributes
                0x00000417       0x2d d:/courses/01- avr/00-tools/01-imt sdk/imt_sdk_win_64/winarm/armgcc/bin/../lib/gcc/arm-none-eabi/7.2.1/../../../../arm-none-eabi/lib/thumb/v7-m\libg_nano.a(lib_a-nano-vfprintf_i.o)
 .ARM.attributes
                0x00000444       0x2d d:/courses/01- avr/00-tools/01-imt sdk/imt_sdk_win_64/winarm/armgcc/bin/../lib/gcc/arm-none-eabi/7.2.1/../../../../arm-none-eabi/lib/thumb/v7-m\libg_nano.a(lib_a-memchr-stub.o)
 .ARM.attributes
                0x00000471       0x2d d:/courses/01- avr/00-tools/01-imt sdk/imt_sdk_win_64/winarm/armgcc/bin/../lib/gcc/arm-none-eabi/7.2.1/../../../../arm-none-eabi/lib/thumb/v7-m\libg_nano.a(lib_a-memcpy-stub.o)
 .ARM.attributes
                0x0000049e       0x2d d:/courses/01- avr/00-tools/01-imt sdk/imt_sdk_win_64/winarm/armgcc/bin/../lib/gcc/arm-none-eabi/7.2.1/../../../../arm-none-eabi/lib/thumb/v7-m\libg_nano.a(lib_a-memmove.o)
 .ARM.attributes
                0x000004cb       0x2d d:/courses/01- avr/00-tools/01-imt sdk/imt_sdk_win_64/winarm/armgcc/bin/../lib/gcc/arm-none-eabi/7.2.1/../../../../arm-none-eabi/lib/thumb/v7-m\libg_nano.a(lib_a-nano-freer.o)
 .ARM.attributes
                0x000004f8       0x2d d:/courses/01- avr/00-tools/01-imt sdk/imt_sdk_win_64/winarm/armgcc/bin/../lib/gcc/arm-none-eabi/7.2.1/../../../../arm-none-eabi/lib/thumb/v7-m\libg_nano.a(lib_a-nano-mallocr.o)
 .ARM.attributes
                0x00000525       0x2d d:/courses/01- avr/00-tools/01-imt sdk/imt_sdk_win_64/winarm/armgcc/bin/../lib/gcc/arm-none-eabi/7.2.1/../../../../arm-none-eabi/lib/thumb/v7-m\libg_nano.a(lib_a-nano-reallocr.o)
 .ARM.attributes
                0x00000552       0x2d d:/courses/01- avr/00-tools/01-imt sdk/imt_sdk_win_64/winarm/armgcc/bin/../lib/gcc/arm-none-eabi/7.2.1/../../../../arm-none-eabi/lib/thumb/v7-m\libg_nano.a(lib_a-sbrkr.o)
 .ARM.attributes
                0x0000057f       0x2d d:/courses/01- avr/00-tools/01-imt sdk/imt_sdk_win_64/winarm/armgcc/bin/../lib/gcc/arm-none-eabi/7.2.1/../../../../arm-none-eabi/lib/thumb/v7-m\libg_nano.a(lib_a-mlock.o)
 .ARM.attributes
                0x000005ac       0x2d d:/courses/01- avr/00-tools/01-imt sdk/imt_sdk_win_64/winarm/armgcc/bin/../lib/gcc/arm-none-eabi/7.2.1/../../../../arm-none-eabi/lib/thumb/v7-m\libg_nano.a(lib_a-nano-msizer.o)

.debug
 *(.debug)

.line
 *(.line)

.debug_srcinfo
 *(.debug_srcinfo)

.debug_sfnames
 *(.debug_sfnames)

.debug_aranges  0x00000000      0x3e0
 *(.debug_aranges)
 .debug_aranges
                0x00000000       0x28 ./system/src/newlib/_exit.o
 .debug_aranges
                0x00000028       0x20 ./system/src/newlib/_sbrk.o
 .debug_aranges
                0x00000048       0x40 ./system/src/newlib/_startup.o
 .debug_aranges
                0x00000088       0x30 ./system/src/newlib/_syscalls.o
 .debug_aranges
                0x000000b8       0x38 ./system/src/diag/Trace.o
 .debug_aranges
                0x000000f0       0x30 ./system/src/diag/trace_impl.o
 .debug_aranges
                0x00000120       0x28 ./system/src/cortexm/_initialize_hardware.o
 .debug_aranges
                0x00000148       0x90 ./system/src/cortexm/exception_handlers.o
 .debug_aranges
                0x000001d8       0x38 ./system/src/cmsis/system_stm32f10x.o
 .debug_aranges
                0x00000210       0x20 ./system/src/cmsis/vectors_stm32f10x.o
 .debug_aranges
                0x00000230       0x28 ./src/DELAY_PROG.o
 .debug_aranges
                0x00000258       0x48 ./src/GPIO.o
 .debug_aranges
                0x000002a0       0x30 ./src/RCC_PROG.o
 .debug_aranges
                0x000002d0       0x38 ./src/SPI_PROG.o
 .debug_aranges
                0x00000308       0x58 ./src/SYSTICK_PROG.o
 .debug_aranges
                0x00000360       0x60 ./src/TFT_PROG.o
 .debug_aranges
                0x000003c0       0x20 ./src/main.o

.debug_pubnames
 *(.debug_pubnames)

.debug_info     0x00000000     0x5cd2
 *(.debug_info .gnu.linkonce.wi.*)
 .debug_info    0x00000000      0x956 ./system/src/newlib/_exit.o
 .debug_info    0x00000956      0x942 ./system/src/newlib/_sbrk.o
 .debug_info    0x00001298      0x42e ./system/src/newlib/_startup.o
 .debug_info    0x000016c6      0xa19 ./system/src/newlib/_syscalls.o
 .debug_info    0x000020df      0xb2a ./system/src/diag/Trace.o
 .debug_info    0x00002c09      0x363 ./system/src/diag/trace_impl.o
 .debug_info    0x00002f6c      0x2b5 ./system/src/cortexm/_initialize_hardware.o
 .debug_info    0x00003221     0x1140 ./system/src/cortexm/exception_handlers.o
 .debug_info    0x00004361      0x494 ./system/src/cmsis/system_stm32f10x.o
 .debug_info    0x000047f5       0xca ./system/src/cmsis/vectors_stm32f10x.o
 .debug_info    0x000048bf      0x167 ./src/DELAY_PROG.o
 .debug_info    0x00004a26      0x287 ./src/GPIO.o
 .debug_info    0x00004cad      0x19e ./src/RCC_PROG.o
 .debug_info    0x00004e4b      0x18e ./src/SPI_PROG.o
 .debug_info    0x00004fd9      0x1b0 ./src/SYSTICK_PROG.o
 .debug_info    0x00005189      0x8fe ./src/TFT_PROG.o
 .debug_info    0x00005a87      0x24b ./src/main.o

.debug_abbrev   0x00000000     0x1838
 *(.debug_abbrev)
 .debug_abbrev  0x00000000      0x1f3 ./system/src/newlib/_exit.o
 .debug_abbrev  0x000001f3      0x1fc ./system/src/newlib/_sbrk.o
 .debug_abbrev  0x000003ef      0x1b3 ./system/src/newlib/_startup.o
 .debug_abbrev  0x000005a2      0x234 ./system/src/newlib/_syscalls.o
 .debug_abbrev  0x000007d6      0x276 ./system/src/diag/Trace.o
 .debug_abbrev  0x00000a4c      0x1e2 ./system/src/diag/trace_impl.o
 .debug_abbrev  0x00000c2e       0xea ./system/src/cortexm/_initialize_hardware.o
 .debug_abbrev  0x00000d18      0x32b ./system/src/cortexm/exception_handlers.o
 .debug_abbrev  0x00001043      0x177 ./system/src/cmsis/system_stm32f10x.o
 .debug_abbrev  0x000011ba       0x9d ./system/src/cmsis/vectors_stm32f10x.o
 .debug_abbrev  0x00001257       0x8d ./src/DELAY_PROG.o
 .debug_abbrev  0x000012e4       0xe9 ./src/GPIO.o
 .debug_abbrev  0x000013cd       0xb1 ./src/RCC_PROG.o
 .debug_abbrev  0x0000147e      0x106 ./src/SPI_PROG.o
 .debug_abbrev  0x00001584      0x111 ./src/SYSTICK_PROG.o
 .debug_abbrev  0x00001695       0xe3 ./src/TFT_PROG.o
 .debug_abbrev  0x00001778       0xc0 ./src/main.o

.debug_line     0x00000000     0x31db
 *(.debug_line)
 .debug_line    0x00000000      0x387 ./system/src/newlib/_exit.o
 .debug_line    0x00000387      0x33b ./system/src/newlib/_sbrk.o
 .debug_line    0x000006c2      0x3f5 ./system/src/newlib/_startup.o
 .debug_line    0x00000ab7      0x45f ./system/src/newlib/_syscalls.o
 .debug_line    0x00000f16      0x403 ./system/src/diag/Trace.o
 .debug_line    0x00001319      0x670 ./system/src/diag/trace_impl.o
 .debug_line    0x00001989      0x382 ./system/src/cortexm/_initialize_hardware.o
 .debug_line    0x00001d0b      0x732 ./system/src/cortexm/exception_handlers.o
 .debug_line    0x0000243d      0x3f5 ./system/src/cmsis/system_stm32f10x.o
 .debug_line    0x00002832      0x10e ./system/src/cmsis/vectors_stm32f10x.o
 .debug_line    0x00002940       0xa6 ./src/DELAY_PROG.o
 .debug_line    0x000029e6      0x1b5 ./src/GPIO.o
 .debug_line    0x00002b9b       0xff ./src/RCC_PROG.o
 .debug_line    0x00002c9a       0xe5 ./src/SPI_PROG.o
 .debug_line    0x00002d7f      0x10d ./src/SYSTICK_PROG.o
 .debug_line    0x00002e8c      0x297 ./src/TFT_PROG.o
 .debug_line    0x00003123       0xb8 ./src/main.o

.debug_frame    0x00000000      0xa70
 *(.debug_frame)
 .debug_frame   0x00000000       0x38 ./system/src/newlib/_exit.o
 .debug_frame   0x00000038       0x28 ./system/src/newlib/_sbrk.o
 .debug_frame   0x00000060       0x7c ./system/src/newlib/_startup.o
 .debug_frame   0x000000dc       0x50 ./system/src/newlib/_syscalls.o
 .debug_frame   0x0000012c       0x94 ./system/src/diag/Trace.o
 .debug_frame   0x000001c0       0x64 ./system/src/diag/trace_impl.o
 .debug_frame   0x00000224       0x40 ./system/src/cortexm/_initialize_hardware.o
 .debug_frame   0x00000264      0x158 ./system/src/cortexm/exception_handlers.o
 .debug_frame   0x000003bc       0x6c ./system/src/cmsis/system_stm32f10x.o
 .debug_frame   0x00000428       0x20 ./system/src/cmsis/vectors_stm32f10x.o
 .debug_frame   0x00000448       0x40 ./src/DELAY_PROG.o
 .debug_frame   0x00000488       0x7c ./src/GPIO.o
 .debug_frame   0x00000504       0x40 ./src/RCC_PROG.o
 .debug_frame   0x00000544       0x58 ./src/SPI_PROG.o
 .debug_frame   0x0000059c       0x98 ./src/SYSTICK_PROG.o
 .debug_frame   0x00000634      0x124 ./src/TFT_PROG.o
 .debug_frame   0x00000758       0x28 ./src/main.o
 .debug_frame   0x00000780       0x20 d:/courses/01- avr/00-tools/01-imt sdk/imt_sdk_win_64/winarm/armgcc/bin/../lib/gcc/arm-none-eabi/7.2.1/../../../../arm-none-eabi/lib/thumb/v7-m\libg_nano.a(lib_a-errno.o)
 .debug_frame   0x000007a0       0x4c d:/courses/01- avr/00-tools/01-imt sdk/imt_sdk_win_64/winarm/armgcc/bin/../lib/gcc/arm-none-eabi/7.2.1/../../../../arm-none-eabi/lib/thumb/v7-m\libg_nano.a(lib_a-vsnprintf.o)
 .debug_frame   0x000007ec       0x90 d:/courses/01- avr/00-tools/01-imt sdk/imt_sdk_win_64/winarm/armgcc/bin/../lib/gcc/arm-none-eabi/7.2.1/../../../../arm-none-eabi/lib/thumb/v7-m\libg_nano.a(lib_a-nano-svfprintf.o)
 .debug_frame   0x0000087c       0x60 d:/courses/01- avr/00-tools/01-imt sdk/imt_sdk_win_64/winarm/armgcc/bin/../lib/gcc/arm-none-eabi/7.2.1/../../../../arm-none-eabi/lib/thumb/v7-m\libg_nano.a(lib_a-nano-vfprintf_i.o)
 .debug_frame   0x000008dc       0x28 d:/courses/01- avr/00-tools/01-imt sdk/imt_sdk_win_64/winarm/armgcc/bin/../lib/gcc/arm-none-eabi/7.2.1/../../../../arm-none-eabi/lib/thumb/v7-m\libg_nano.a(lib_a-memchr-stub.o)
 .debug_frame   0x00000904       0x28 d:/courses/01- avr/00-tools/01-imt sdk/imt_sdk_win_64/winarm/armgcc/bin/../lib/gcc/arm-none-eabi/7.2.1/../../../../arm-none-eabi/lib/thumb/v7-m\libg_nano.a(lib_a-memcpy-stub.o)
 .debug_frame   0x0000092c       0x28 d:/courses/01- avr/00-tools/01-imt sdk/imt_sdk_win_64/winarm/armgcc/bin/../lib/gcc/arm-none-eabi/7.2.1/../../../../arm-none-eabi/lib/thumb/v7-m\libg_nano.a(lib_a-memmove.o)
 .debug_frame   0x00000954       0x38 d:/courses/01- avr/00-tools/01-imt sdk/imt_sdk_win_64/winarm/armgcc/bin/../lib/gcc/arm-none-eabi/7.2.1/../../../../arm-none-eabi/lib/thumb/v7-m\libg_nano.a(lib_a-nano-freer.o)
 .debug_frame   0x0000098c       0x2c d:/courses/01- avr/00-tools/01-imt sdk/imt_sdk_win_64/winarm/armgcc/bin/../lib/gcc/arm-none-eabi/7.2.1/../../../../arm-none-eabi/lib/thumb/v7-m\libg_nano.a(lib_a-nano-mallocr.o)
 .debug_frame   0x000009b8       0x3c d:/courses/01- avr/00-tools/01-imt sdk/imt_sdk_win_64/winarm/armgcc/bin/../lib/gcc/arm-none-eabi/7.2.1/../../../../arm-none-eabi/lib/thumb/v7-m\libg_nano.a(lib_a-nano-reallocr.o)
 .debug_frame   0x000009f4       0x2c d:/courses/01- avr/00-tools/01-imt sdk/imt_sdk_win_64/winarm/armgcc/bin/../lib/gcc/arm-none-eabi/7.2.1/../../../../arm-none-eabi/lib/thumb/v7-m\libg_nano.a(lib_a-sbrkr.o)
 .debug_frame   0x00000a20       0x30 d:/courses/01- avr/00-tools/01-imt sdk/imt_sdk_win_64/winarm/armgcc/bin/../lib/gcc/arm-none-eabi/7.2.1/../../../../arm-none-eabi/lib/thumb/v7-m\libg_nano.a(lib_a-mlock.o)
 .debug_frame   0x00000a50       0x20 d:/courses/01- avr/00-tools/01-imt sdk/imt_sdk_win_64/winarm/armgcc/bin/../lib/gcc/arm-none-eabi/7.2.1/../../../../arm-none-eabi/lib/thumb/v7-m\libg_nano.a(lib_a-nano-msizer.o)

.debug_str      0x00000000    0x56f1f
 *(.debug_str)
 .debug_str     0x00000000     0x7d10 ./system/src/newlib/_exit.o
                               0x7ee3 (size before relaxing)
 .debug_str     0x00007d10      0x4f5 ./system/src/newlib/_sbrk.o
                               0x7295 (size before relaxing)
 .debug_str     0x00008205      0xbbd ./system/src/newlib/_startup.o
                               0x69d0 (size before relaxing)
 .debug_str     0x00008dc2      0xe8b ./system/src/newlib/_syscalls.o
                               0x8170 (size before relaxing)
 .debug_str     0x00009c4d      0x826 ./system/src/diag/Trace.o
                               0x865b (size before relaxing)
 .debug_str     0x0000a473    0x4b2b9 ./system/src/diag/trace_impl.o
                              0x52a41 (size before relaxing)
 .debug_str     0x0005572c       0xc4 ./system/src/cortexm/_initialize_hardware.o
                              0x4e832 (size before relaxing)
 .debug_str     0x000557f0      0x1a6 ./system/src/cortexm/exception_handlers.o
                              0x53c66 (size before relaxing)
 .debug_str     0x00055996      0x10f ./system/src/cmsis/system_stm32f10x.o
                              0x4e8cc (size before relaxing)
 .debug_str     0x00055aa5       0x57 ./system/src/cmsis/vectors_stm32f10x.o
                               0x3871 (size before relaxing)
 .debug_str     0x00055afc       0xbf ./src/DELAY_PROG.o
                               0x2e64 (size before relaxing)
 .debug_str     0x00055bbb      0x4a8 ./src/GPIO.o
                               0x326c (size before relaxing)
 .debug_str     0x00056063      0x6a2 ./src/RCC_PROG.o
                               0x3529 (size before relaxing)
 .debug_str     0x00056705      0x3fe ./src/SPI_PROG.o
                               0x3252 (size before relaxing)
 .debug_str     0x00056b03       0xca ./src/SYSTICK_PROG.o
                               0x2f9e (size before relaxing)
 .debug_str     0x00056bcd      0x33a ./src/TFT_PROG.o
                               0x3689 (size before relaxing)
 .debug_str     0x00056f07       0x18 ./src/main.o
                               0x3933 (size before relaxing)

.debug_loc      0x00000000     0x1567
 *(.debug_loc)
 .debug_loc     0x00000000       0x85 ./system/src/newlib/_sbrk.o
 .debug_loc     0x00000085      0x1a9 ./system/src/newlib/_startup.o
 .debug_loc     0x0000022e       0x63 ./system/src/newlib/_syscalls.o
 .debug_loc     0x00000291       0xf6 ./system/src/diag/Trace.o
 .debug_loc     0x00000387      0x121 ./system/src/diag/trace_impl.o
 .debug_loc     0x000004a8      0x291 ./system/src/cortexm/exception_handlers.o
 .debug_loc     0x00000739       0xdf ./system/src/cmsis/system_stm32f10x.o
 .debug_loc     0x00000818       0x3c ./src/DELAY_PROG.o
 .debug_loc     0x00000854      0x6b6 ./src/GPIO.o
 .debug_loc     0x00000f0a      0x16b ./src/RCC_PROG.o
 .debug_loc     0x00001075       0x21 ./src/SPI_PROG.o
 .debug_loc     0x00001096       0x41 ./src/SYSTICK_PROG.o
 .debug_loc     0x000010d7      0x490 ./src/TFT_PROG.o

.debug_macinfo
 *(.debug_macinfo)

.debug_weaknames
 *(.debug_weaknames)

.debug_funcnames
 *(.debug_funcnames)

.debug_typenames
 *(.debug_typenames)

.debug_varnames
 *(.debug_varnames)
OUTPUT(SPI_TFT_PROJECT.elf elf32-littlearm)

.debug_ranges   0x00000000      0x360
 .debug_ranges  0x00000000       0x18 ./system/src/newlib/_exit.o
 .debug_ranges  0x00000018       0x10 ./system/src/newlib/_sbrk.o
 .debug_ranges  0x00000028       0x78 ./system/src/newlib/_startup.o
 .debug_ranges  0x000000a0       0x20 ./system/src/newlib/_syscalls.o
 .debug_ranges  0x000000c0       0x28 ./system/src/diag/Trace.o
 .debug_ranges  0x000000e8       0x50 ./system/src/diag/trace_impl.o
 .debug_ranges  0x00000138       0x18 ./system/src/cortexm/_initialize_hardware.o
 .debug_ranges  0x00000150       0x80 ./system/src/cortexm/exception_handlers.o
 .debug_ranges  0x000001d0       0x28 ./system/src/cmsis/system_stm32f10x.o
 .debug_ranges  0x000001f8       0x10 ./system/src/cmsis/vectors_stm32f10x.o
 .debug_ranges  0x00000208       0x18 ./src/DELAY_PROG.o
 .debug_ranges  0x00000220       0x38 ./src/GPIO.o
 .debug_ranges  0x00000258       0x20 ./src/RCC_PROG.o
 .debug_ranges  0x00000278       0x28 ./src/SPI_PROG.o
 .debug_ranges  0x000002a0       0x48 ./src/SYSTICK_PROG.o
 .debug_ranges  0x000002e8       0x68 ./src/TFT_PROG.o
 .debug_ranges  0x00000350       0x10 ./src/main.o

.debug_macro    0x00000000     0x2cfc
 .debug_macro   0x00000000      0x1b4 ./system/src/newlib/_exit.o
 .debug_macro   0x000001b4       0x9c ./system/src/newlib/_exit.o
 .debug_macro   0x00000250      0x10e ./system/src/newlib/_exit.o
 .debug_macro   0x0000035e       0x8d ./system/src/newlib/_exit.o
 .debug_macro   0x000003eb       0x43 ./system/src/newlib/_exit.o
 .debug_macro   0x0000042e      0x330 ./system/src/newlib/_exit.o
 .debug_macro   0x0000075e       0x35 ./system/src/newlib/_exit.o
 .debug_macro   0x00000793      0x169 ./system/src/newlib/_sbrk.o
 .debug_macro   0x000008fc      0x174 ./system/src/newlib/_sbrk.o
 .debug_macro   0x00000a70       0x10 ./system/src/newlib/_sbrk.o
 .debug_macro   0x00000a80      0x23b ./system/src/newlib/_sbrk.o
 .debug_macro   0x00000cbb      0x173 ./system/src/newlib/_startup.o
 .debug_macro   0x00000e2e      0x217 ./system/src/newlib/_syscalls.o
 .debug_macro   0x00001045       0x1c ./system/src/newlib/_syscalls.o
 .debug_macro   0x00001061       0x10 ./system/src/newlib/_syscalls.o
 .debug_macro   0x00001071       0x10 ./system/src/newlib/_syscalls.o
 .debug_macro   0x00001081       0x10 ./system/src/newlib/_syscalls.o
 .debug_macro   0x00001091       0x35 ./system/src/newlib/_syscalls.o
 .debug_macro   0x000010c6      0x122 ./system/src/newlib/_syscalls.o
 .debug_macro   0x000011e8       0x88 ./system/src/newlib/_syscalls.o
 .debug_macro   0x00001270       0x2b ./system/src/newlib/_syscalls.o
 .debug_macro   0x0000129b      0x118 ./system/src/newlib/_syscalls.o
 .debug_macro   0x000013b3      0x189 ./system/src/newlib/_syscalls.o
 .debug_macro   0x0000153c       0x16 ./system/src/newlib/_syscalls.o
 .debug_macro   0x00001552      0x1fb ./system/src/diag/Trace.o
 .debug_macro   0x0000174d       0x16 ./system/src/diag/Trace.o
 .debug_macro   0x00001763       0x97 ./system/src/diag/Trace.o
 .debug_macro   0x000017fa       0xfd ./system/src/diag/Trace.o
 .debug_macro   0x000018f7       0x10 ./system/src/diag/Trace.o
 .debug_macro   0x00001907       0x16 ./system/src/diag/Trace.o
 .debug_macro   0x0000191d      0x16f ./system/src/diag/Trace.o
 .debug_macro   0x00001a8c       0x4c ./system/src/diag/Trace.o
 .debug_macro   0x00001ad8       0x16 ./system/src/diag/Trace.o
 .debug_macro   0x00001aee      0x2da ./system/src/diag/trace_impl.o
 .debug_macro   0x00001dc8       0x10 ./system/src/diag/trace_impl.o
 .debug_macro   0x00001dd8       0xcf ./system/src/diag/trace_impl.o
 .debug_macro   0x00001ea7       0xbe ./system/src/diag/trace_impl.o
 .debug_macro   0x00001f65       0x22 ./system/src/diag/trace_impl.o
 .debug_macro   0x00001f87      0x16b ./system/src/cortexm/_initialize_hardware.o
 .debug_macro   0x000020f2      0x324 ./system/src/cortexm/exception_handlers.o
 .debug_macro   0x00002416       0x3b ./system/src/cortexm/exception_handlers.o
 .debug_macro   0x00002451       0x10 ./system/src/cortexm/exception_handlers.o
 .debug_macro   0x00002461      0x16e ./system/src/cmsis/system_stm32f10x.o
 .debug_macro   0x000025cf       0x34 ./system/src/cmsis/vectors_stm32f10x.o
 .debug_macro   0x00002603       0x2e ./src/DELAY_PROG.o
 .debug_macro   0x00002631       0x16 ./src/DELAY_PROG.o
 .debug_macro   0x00002647       0x36 ./src/GPIO.o
 .debug_macro   0x0000267d       0x22 ./src/GPIO.o
 .debug_macro   0x0000269f       0xee ./src/GPIO.o
 .debug_macro   0x0000278d       0x1c ./src/GPIO.o
 .debug_macro   0x000027a9       0x53 ./src/RCC_PROG.o
 .debug_macro   0x000027fc      0x210 ./src/RCC_PROG.o
 .debug_macro   0x00002a0c       0x22 ./src/RCC_PROG.o
 .debug_macro   0x00002a2e       0x10 ./src/RCC_PROG.o
 .debug_macro   0x00002a3e       0x3f ./src/SPI_PROG.o
 .debug_macro   0x00002a7d       0xa0 ./src/SPI_PROG.o
 .debug_macro   0x00002b1d       0x3a ./src/SPI_PROG.o
 .debug_macro   0x00002b57       0x10 ./src/SPI_PROG.o
 .debug_macro   0x00002b67       0x36 ./src/SYSTICK_PROG.o
 .debug_macro   0x00002b9d       0x10 ./src/SYSTICK_PROG.o
 .debug_macro   0x00002bad       0x5c ./src/TFT_PROG.o
 .debug_macro   0x00002c09       0x8e ./src/TFT_PROG.o
 .debug_macro   0x00002c97       0x22 ./src/TFT_PROG.o
 .debug_macro   0x00002cb9       0x43 ./src/main.o
